Archive member included to satisfy reference by file (symbol)

../../lib/usb/libusb.a(usbhostcontroller.o)
                              kernel.o (CUSBHostController::UpdatePlugAndPlay())
../../lib/usb/libusb.a(usbkeyboard.o)
                              miniorgan.o (CUSBKeyboardDevice::RegisterKeyStatusHandlerRaw(void (*)(unsigned char, unsigned char const*), bool))
../../lib/usb/libusb.a(usbmidi.o)
                              miniorgan.o (CUSBMIDIDevice::RegisterPacketHandler(void (*)(unsigned int, unsigned char*, unsigned int)))
../../lib/usb/libusb.a(usbrequest.o)
                              ../../lib/usb/libusb.a(usbhostcontroller.o) (CUSBRequest::CUSBRequest(CUSBEndpoint*, void*, unsigned int, TSetupData*))
../../lib/usb/libusb.a(usbstandardhub.o)
                              ../../lib/usb/libusb.a(usbhostcontroller.o) (CUSBStandardHub::HandlePortStatusChange())
../../lib/usb/libusb.a(dwhcidevice.o)
                              kernel.o (CDWHCIDevice::CDWHCIDevice(CInterruptSystem*, CTimer*, bool))
../../lib/usb/libusb.a(dwhciframeschednper.o)
                              ../../lib/usb/libusb.a(dwhcidevice.o) (CDWHCIFrameSchedulerNonPeriodic::InitProtectedAllocator(unsigned int, unsigned int))
../../lib/usb/libusb.a(dwhciframeschednsplit.o)
                              ../../lib/usb/libusb.a(dwhcidevice.o) (CDWHCIFrameSchedulerNoSplit::InitProtectedAllocator(unsigned int, unsigned int))
../../lib/usb/libusb.a(dwhciframeschedper.o)
                              ../../lib/usb/libusb.a(dwhcidevice.o) (CDWHCIFrameSchedulerPeriodic::InitProtectedAllocator(unsigned int, unsigned int))
../../lib/usb/libusb.a(dwhciregister.o)
                              ../../lib/usb/libusb.a(dwhcidevice.o) (CDWHCIRegister::CDWHCIRegister(unsigned int))
../../lib/usb/libusb.a(dwhcirootport.o)
                              ../../lib/usb/libusb.a(dwhcidevice.o) (CDWHCIRootPort::~CDWHCIRootPort())
../../lib/usb/libusb.a(dwhcixactqueue.o)
                              ../../lib/usb/libusb.a(dwhcidevice.o) (CDWHCITransactionQueue::CDWHCITransactionQueue())
../../lib/usb/libusb.a(dwhcixferstagedata.o)
                              ../../lib/usb/libusb.a(dwhcidevice.o) (CDWHCITransferStageData::~CDWHCITransferStageData())
../../lib/usb/libusb.a(usbdevice.o)
                              ../../lib/usb/libusb.a(dwhcirootport.o) (CUSBDevice::CUSBDevice(CUSBHostController*, TUSBSpeed, CUSBHCIRootPort*))
../../lib/usb/libusb.a(usbdevicefactory.o)
                              ../../lib/usb/libusb.a(usbdevice.o) (CUSBDeviceFactory::GetDevice(CUSBFunction*, CString*))
../../lib/usb/libusb.a(usbendpoint.o)
                              ../../lib/usb/libusb.a(usbdevice.o) (CUSBEndpoint::CUSBEndpoint(CUSBDevice*))
../../lib/usb/libusb.a(usbfunction.o)
                              ../../lib/usb/libusb.a(usbkeyboard.o) (CUSBFunction::Initialize())
../../lib/usb/libusb.a(usbgamepadps3.o)
                              ../../lib/usb/libusb.a(usbdevicefactory.o) (CUSBGamePadPS3Device::CUSBGamePadPS3Device(CUSBFunction*))
../../lib/usb/libusb.a(usbgamepadps4.o)
                              ../../lib/usb/libusb.a(usbdevicefactory.o) (CUSBGamePadPS4Device::CUSBGamePadPS4Device(CUSBFunction*))
../../lib/usb/libusb.a(usbgamepadstandard.o)
                              ../../lib/usb/libusb.a(usbgamepadps3.o) (CUSBGamePadStandardDevice::~CUSBGamePadStandardDevice())
../../lib/usb/libusb.a(usbgamepadswitchpro.o)
                              ../../lib/usb/libusb.a(usbdevicefactory.o) (CUSBGamePadSwitchProDevice::CUSBGamePadSwitchProDevice(CUSBFunction*))
../../lib/usb/libusb.a(usbgamepadxbox360.o)
                              ../../lib/usb/libusb.a(usbdevicefactory.o) (CUSBGamePadXbox360Device::CUSBGamePadXbox360Device(CUSBFunction*))
../../lib/usb/libusb.a(usbgamepadxboxone.o)
                              ../../lib/usb/libusb.a(usbdevicefactory.o) (CUSBGamePadXboxOneDevice::CUSBGamePadXboxOneDevice(CUSBFunction*))
../../lib/usb/libusb.a(usbhiddevice.o)
                              ../../lib/usb/libusb.a(usbkeyboard.o) (CUSBHIDDevice::CUSBHIDDevice(CUSBFunction*, unsigned int))
../../lib/usb/libusb.a(usbmassdevice.o)
                              ../../lib/usb/libusb.a(usbdevicefactory.o) (CUSBBulkOnlyMassStorageDevice::CUSBBulkOnlyMassStorageDevice(CUSBFunction*))
../../lib/usb/libusb.a(usbmouse.o)
                              ../../lib/usb/libusb.a(usbdevicefactory.o) (CUSBMouseDevice::CUSBMouseDevice(CUSBFunction*))
../../lib/usb/libusb.a(usbprinter.o)
                              ../../lib/usb/libusb.a(usbdevicefactory.o) (CUSBPrinterDevice::CUSBPrinterDevice(CUSBFunction*))
../../lib/usb/libusb.a(usbserialch341.o)
                              ../../lib/usb/libusb.a(usbdevicefactory.o) (CUSBSerialCH341Device::CUSBSerialCH341Device(CUSBFunction*))
../../lib/usb/libusb.a(usbserialcp2102.o)
                              ../../lib/usb/libusb.a(usbdevicefactory.o) (CUSBSerialCP2102Device::CUSBSerialCP2102Device(CUSBFunction*))
[...]
Memory Configuration

Name             Origin             Length             Attributes
*default*        0x0000000000000000 0xffffffffffffffff

Linker script and memory map

Address of section .init set to 0x8000

.init           0x0000000000008000       0x64
 *(.init)
 .init          0x0000000000008000       0x64 ../../lib/libcircle.a(startup.o)
                0x0000000000008000                _start

.text           0x0000000000008068    0x25070
 *(.text*)
 .text          0x0000000000008068        0x0 main.o
 .text.startup  0x0000000000008068       0x3c main.o
                0x0000000000008068                main
 .text          0x00000000000080a4      0x2a4 kernel.o
                0x00000000000080a4                CKernel::CKernel()
                0x00000000000080a4                CKernel::CKernel()
                0x000000000000819c                CKernel::~CKernel()
                0x000000000000819c                CKernel::~CKernel()
                0x0000000000008218                CKernel::Initialize()
                0x00000000000082a0                CKernel::Run()
 .text          0x0000000000008348      0xd90 miniorgan.o
                0x0000000000008348                CMiniOrgan::CMiniOrgan(CInterruptSystem*)
                0x0000000000008348                CMiniOrgan::CMiniOrgan(CInterruptSystem*)
                0x00000000000085f4                CMiniOrgan::~CMiniOrgan()
                0x00000000000085f4                CMiniOrgan::~CMiniOrgan()
                0x000000000000862c                CMiniOrgan::~CMiniOrgan()
                0x0000000000008674                CMiniOrgan::Initialize()
                0x00000000000086b8                CMiniOrgan::Process(bool)
                0x000000000000886c                CMiniOrgan::GetChunk(unsigned int*, unsigned int)
                0x0000000000008a48                CMiniOrgan::MidiNoteOn(unsigned int, unsigned int)
                0x0000000000008a94                CMiniOrgan::MidiNoteOff(unsigned int)
                0x0000000000008ae0                CMiniOrgan::MidiCtrlChange(unsigned int, unsigned int)
                0x0000000000008c68                CMiniOrgan::MIDIPacketHandler(unsigned int, unsigned char*, unsigned int)
                0x0000000000008d98                CMiniOrgan::KeyStatusHandlerRaw(unsigned char, unsigned char const*)
                0x0000000000008f24                CMiniOrgan::USBDeviceRemovedHandler(CDevice*, void*)
 .text._ZN13VelocityTableD2Ev
                0x00000000000090d8       0x20 miniorgan.o
                0x00000000000090d8                VelocityTable::~VelocityTable()
                0x00000000000090d8                VelocityTable::~VelocityTable()
 .text.startup  0x00000000000090f8        0x4 miniorgan.o
 *fill*         0x00000000000090fc        0x4 
 .text          0x0000000000009100      0x248 iirfilter.o
                0x0000000000009100                IIRFilter::IIRFilter()
                0x0000000000009100                IIRFilter::IIRFilter()
                0x0000000000009104                IIRFilter::~IIRFilter()
                0x0000000000009104                IIRFilter::~IIRFilter()
                0x0000000000009134                IIRFilter::generateBandPass(double, double, double)
                0x0000000000009228                IIRFilter::processSamples(unsigned int*, unsigned int)
 .text          0x0000000000009348      0x5f4 ../../lib/usb/libusb.a(usbhostcontroller.o)
                0x0000000000009348                CUSBHostController::CUSBHostController(bool)
                0x0000000000009348                CUSBHostController::CUSBHostController(bool)
                0x000000000000938c                CUSBHostController::~CUSBHostController()
                0x000000000000938c                CUSBHostController::~CUSBHostController()
                0x00000000000093bc                CUSBHostController::~CUSBHostController()
                0x00000000000093f8                CUSBHostController::ControlMessage(CUSBEndpoint*, unsigned char, unsigned char, unsigned short, unsigned short, void*, unsigned short)
                0x00000000000094c0                CUSBHostController::GetDescriptor(CUSBEndpoint*, unsigned char, unsigned char, void*, unsigned int, unsigned char, unsigned short)
                0x00000000000094f8                CUSBHostController::SetAddress(CUSBEndpoint*, unsigned char)
                0x0000000000009544                CUSBHostController::SetConfiguration(CUSBEndpoint*, unsigned char)
                0x0000000000009590                CUSBHostController::Transfer(CUSBEndpoint*, void*, unsigned int, unsigned int)
                0x00000000000095f4                CUSBHostController::IsPlugAndPlay()
                0x0000000000009604                CUSBHostController::UpdatePlugAndPlay()
                0x0000000000009764                CUSBHostController::PortStatusChanged(CUSBHCIRootPort*)
                0x0000000000009838                CUSBHostController::PortStatusChanged(CUSBStandardHub*)
                0x000000000000990c                CUSBHostController::Get()
 .text._ZN18CUSBHostController24CancelDeviceTransactionsEP10CUSBDevice
                0x000000000000993c        0x4 ../../lib/usb/libusb.a(usbhostcontroller.o)
                0x000000000000993c                CUSBHostController::CancelDeviceTransactions(CUSBDevice*)
 .text          0x0000000000009940      0x49c ../../lib/usb/libusb.a(usbkeyboard.o)
                0x0000000000009940                CUSBKeyboardDevice::~CUSBKeyboardDevice()
                0x0000000000009940                CUSBKeyboardDevice::~CUSBKeyboardDevice()
                0x00000000000099a8                CUSBKeyboardDevice::~CUSBKeyboardDevice()
                0x00000000000099cc                CUSBKeyboardDevice::ReportHandler(unsigned char const*, unsigned int)
                0x0000000000009b5c                CUSBKeyboardDevice::CUSBKeyboardDevice(CUSBFunction*)
                0x0000000000009b5c                CUSBKeyboardDevice::CUSBKeyboardDevice(CUSBFunction*)
                0x0000000000009bac                CUSBKeyboardDevice::RegisterKeyPressedHandler(void (*)(char const*))
                0x0000000000009bb4                CUSBKeyboardDevice::RegisterSelectConsoleHandler(void (*)(unsigned int))
                0x0000000000009bbc                CUSBKeyboardDevice::RegisterShutdownHandler(void (*)())
                0x0000000000009bc4                CUSBKeyboardDevice::GetLEDStatus() const
                0x0000000000009bec                CUSBKeyboardDevice::RegisterKeyStatusHandlerRaw(void (*)(unsigned char, unsigned char const*), bool)
                0x0000000000009c1c                CUSBKeyboardDevice::SetLEDs(unsigned char)
                0x0000000000009cac                CUSBKeyboardDevice::Configure()
                0x0000000000009d44                CUSBKeyboardDevice::UpdateLEDs()
                0x0000000000009db0                CUSBKeyboardDevice::FindByte(unsigned char const*, unsigned char, unsigned int)
 .text.startup  0x0000000000009ddc       0x38 ../../lib/usb/libusb.a(usbkeyboard.o)
 .text          0x0000000000009e14      0xbf4 ../../lib/usb/libusb.a(usbmidi.o)
                0x0000000000009e14                CUSBMIDIDevice::~CUSBMIDIDevice()
                0x0000000000009e14                CUSBMIDIDevice::~CUSBMIDIDevice()
                0x0000000000009f04                CUSBMIDIDevice::~CUSBMIDIDevice()
                0x0000000000009f24                CUSBMIDIDevice::CUSBMIDIDevice(CUSBFunction*)
                0x0000000000009f24                CUSBMIDIDevice::CUSBMIDIDevice(CUSBFunction*)
                0x0000000000009f60                CUSBMIDIDevice::RegisterPacketHandler(void (*)(unsigned int, unsigned char*, unsigned int))
                0x0000000000009fa8                CUSBMIDIDevice::SendEventPackets(unsigned char const*, unsigned int)
                0x000000000000a074                CUSBMIDIDevice::SendPlainMIDI(unsigned int, unsigned char const*, unsigned int)
                0x000000000000a478                CUSBMIDIDevice::StartRequest()
                0x000000000000a55c                CUSBMIDIDevice::TimerStub(unsigned int, void*, void*)
                0x000000000000a5bc                CUSBMIDIDevice::CompletionRoutine(CUSBRequest*)
                0x000000000000a750                CUSBMIDIDevice::CompletionStub(CUSBRequest*, void*, void*)
                0x000000000000a784                CUSBMIDIDevice::TimerHandler(unsigned int)
                0x000000000000a7bc                CUSBMIDIDevice::Configure()
 .text.startup  0x000000000000aa08       0x38 ../../lib/usb/libusb.a(usbmidi.o)
 .text          0x000000000000aa40      0x3bc ../../lib/usb/libusb.a(usbrequest.o)
                0x000000000000aa40                CUSBRequest::CUSBRequest(CUSBEndpoint*, void*, unsigned int, TSetupData*)
                0x000000000000aa40                CUSBRequest::CUSBRequest(CUSBEndpoint*, void*, unsigned int, TSetupData*)
                0x000000000000aac8                CUSBRequest::~CUSBRequest()
                0x000000000000aac8                CUSBRequest::~CUSBRequest()
                0x000000000000aacc                CUSBRequest::GetEndpoint() const
                0x000000000000aaf4                CUSBRequest::SetStatus(int)
                0x000000000000aafc                CUSBRequest::SetResultLen(unsigned int)
                0x000000000000ab04                CUSBRequest::SetUSBError(TUSBError)
                0x000000000000ab0c                CUSBRequest::GetStatus() const
                0x000000000000ab14                CUSBRequest::GetResultLength() const
                0x000000000000ab44                CUSBRequest::GetUSBError() const
                0x000000000000ab74                CUSBRequest::GetSetupData()
                0x000000000000abc4                CUSBRequest::GetBuffer()
                0x000000000000ac00                CUSBRequest::GetBufLen() const
                0x000000000000ac08                CUSBRequest::SetCompletionRoutine(void (*)(CUSBRequest*, void*, void*), void*, void*)
                0x000000000000ac34                CUSBRequest::CallCompletionRoutine()
                0x000000000000ac70                CUSBRequest::SetCompleteOnNAK()
                0x000000000000ac7c                CUSBRequest::IsCompleteOnNAK() const
                0x000000000000ac84                CUSBRequest::operator new(unsigned int)
                0x000000000000acd8                CUSBRequest::operator delete(void*, unsigned int)
                0x000000000000ad30                CUSBRequest::InitAllocator(unsigned int)
                0x000000000000ad8c                CUSBRequest::InitProtectedAllocator(unsigned int, unsigned int)
 .text          0x000000000000adfc     0x1108 ../../lib/usb/libusb.a(usbstandardhub.o)
                0x000000000000adfc                CUSBStandardHub::~CUSBStandardHub()
                0x000000000000adfc                CUSBStandardHub::~CUSBStandardHub()
                0x000000000000af18                CUSBStandardHub::~CUSBStandardHub()
                0x000000000000af38                CUSBStandardHub::CUSBStandardHub(CUSBFunction*)
                0x000000000000af38                CUSBStandardHub::CUSBStandardHub(CUSBFunction*)
                0x000000000000af98                CUSBStandardHub::DisablePort(unsigned int)
                0x000000000000b058                CUSBStandardHub::RemoveDevice(unsigned int)
                0x000000000000b09c                CUSBStandardHub::StartStatusChangeRequest()
                0x000000000000b184                CUSBStandardHub::CompletionRoutine(CUSBRequest*)
                0x000000000000b22c                CUSBStandardHub::CompletionStub(CUSBRequest*, void*, void*)
                0x000000000000b260                CUSBStandardHub::HandlePortStatusChange()
                0x000000000000b574                CUSBStandardHub::Initialize()
                0x000000000000b6a8                CUSBStandardHub::EnumeratePorts()
                0x000000000000bd94                CUSBStandardHub::ReScanDevices()
                0x000000000000bd98                CUSBStandardHub::Configure()
 .text.startup  0x000000000000bf04       0x38 ../../lib/usb/libusb.a(usbstandardhub.o)
 .text          0x000000000000bf3c     0x2a7c ../../lib/usb/libusb.a(dwhcidevice.o)
                0x000000000000bf3c                CDWHCIDevice::CancelDeviceTransactions(CUSBDevice*)
                0x000000000000bf44                CDWHCIDevice::CompletionRoutine(CUSBRequest*, void*, void*)
                0x000000000000bff4                CDWHCIDevice::CDWHCIDevice(CInterruptSystem*, CTimer*, bool)
                0x000000000000bff4                CDWHCIDevice::CDWHCIDevice(CInterruptSystem*, CTimer*, bool)
                0x000000000000c0dc                CDWHCIDevice::DeviceConnected()
                0x000000000000c114                CDWHCIDevice::GetPortSpeed()
                0x000000000000c160                CDWHCIDevice::OvercurrentDetected()
                0x000000000000c19c                CDWHCIDevice::DisableRootPort(bool)
                0x000000000000c210                CDWHCIDevice::PowerOn()
                0x000000000000c27c                CDWHCIDevice::EnableGlobalInterrupts()
                0x000000000000c2c0                CDWHCIDevice::EnableCommonInterrupts()
                0x000000000000c2f8                CDWHCIDevice::EnableHostInterrupts()
                0x000000000000c374                CDWHCIDevice::EnableChannelInterrupt(unsigned int)
                0x000000000000c3f8                CDWHCIDevice::DisableChannelInterrupt(unsigned int)
                0x000000000000c47c                CDWHCIDevice::QueueTransaction(CDWHCITransferStageData*)
                0x000000000000c518                CDWHCIDevice::TransferStageAsync(CUSBRequest*, bool, bool, unsigned int)
                0x000000000000c604                CDWHCIDevice::SubmitAsyncRequest(CUSBRequest*, unsigned int)
                0x000000000000c6f8                CDWHCIDevice::QueueDelayedTransaction(CDWHCITransferStageData*)
                0x000000000000c888                CDWHCIDevice::StartChannel(CDWHCITransferStageData*)
                0x000000000000cc6c                CDWHCIDevice::StartTransaction(CDWHCITransferStageData*)
                0x000000000000cd80                CDWHCIDevice::AllocateChannel()
                0x000000000000cf2c                CDWHCIDevice::SOFInterruptHandler()
                0x000000000000cf3c                CDWHCIDevice::FreeChannel(unsigned int)
                0x000000000000d58c                CDWHCIDevice::ChannelInterruptHandler(unsigned int)
                0x000000000000d59c                CDWHCIDevice::InterruptHandler()
                0x000000000000d764                CDWHCIDevice::InterruptStub(void*)
                0x000000000000d790                CDWHCIDevice::AllocateWaitBlock()
                0x000000000000d804                CDWHCIDevice::FreeWaitBlock(unsigned int)
                0x000000000000d890                CDWHCIDevice::TransferStage(CUSBRequest*, bool, bool, unsigned int)
                0x000000000000d9a8                CDWHCIDevice::SubmitBlockingRequest(CUSBRequest*, unsigned int)
                0x000000000000dc24                CDWHCIDevice::WaitForBit(CDWHCIRegister*, unsigned int, bool, unsigned int)
                0x000000000000dd04                CDWHCIDevice::EnableRootPort()
                0x000000000000dde0                CDWHCIDevice::Reset()
                0x000000000000de80                CDWHCIDevice::InitCore()
                0x000000000000e0ec                CDWHCIDevice::FlushTxFIFO(unsigned int)
                0x000000000000e178                CDWHCIDevice::FlushRxFIFO()
                0x000000000000e1e8                CDWHCIDevice::InitHost()
                0x000000000000e3f0                CDWHCIDevice::DumpRegister(char const*, unsigned int)
                0x000000000000e450                CDWHCIDevice::DumpStatus(unsigned int)
                0x000000000000e5f8                CDWHCIDevice::~CDWHCIDevice()
                0x000000000000e5f8                CDWHCIDevice::~CDWHCIDevice()
                0x000000000000e6e4                CDWHCIDevice::~CDWHCIDevice()
                0x000000000000e704                CDWHCIDevice::ReScanDevices()
                0x000000000000e794                CDWHCIDevice::Initialize(bool)
 .text          0x000000000000e9b8      0x414 ../../lib/usb/libusb.a(dwhciframeschednper.o)
                0x000000000000e9b8                CDWHCIFrameSchedulerNonPeriodic::~CDWHCIFrameSchedulerNonPeriodic()
                0x000000000000e9b8                CDWHCIFrameSchedulerNonPeriodic::~CDWHCIFrameSchedulerNonPeriodic()
                0x000000000000e9bc                CDWHCIFrameSchedulerNonPeriodic::StartSplit()
                0x000000000000e9d8                CDWHCIFrameSchedulerNonPeriodic::IsOddFrame() const
                0x000000000000e9e0                CDWHCIFrameSchedulerNonPeriodic::PeriodicDelay(unsigned short)
                0x000000000000e9fc                CDWHCIFrameSchedulerNonPeriodic::CompleteSplit()
                0x000000000000ea70                CDWHCIFrameSchedulerNonPeriodic::TransactionComplete(unsigned int)
                0x000000000000eb84                CDWHCIFrameSchedulerNonPeriodic::GetFrameNumber()
                0x000000000000ebec                CDWHCIFrameSchedulerNonPeriodic::CDWHCIFrameSchedulerNonPeriodic()
                0x000000000000ebec                CDWHCIFrameSchedulerNonPeriodic::CDWHCIFrameSchedulerNonPeriodic()
                0x000000000000ec3c                CDWHCIFrameSchedulerNonPeriodic::operator new(unsigned int)
                0x000000000000ec90                CDWHCIFrameSchedulerNonPeriodic::operator delete(void*, unsigned int)
                0x000000000000ece8                CDWHCIFrameSchedulerNonPeriodic::~CDWHCIFrameSchedulerNonPeriodic()
                0x000000000000ed00                CDWHCIFrameSchedulerNonPeriodic::InitAllocator(unsigned int)
                0x000000000000ed5c                CDWHCIFrameSchedulerNonPeriodic::InitProtectedAllocator(unsigned int, unsigned int)
 .text          0x000000000000edcc      0x274 ../../lib/usb/libusb.a(dwhciframeschednsplit.o)
                0x000000000000edcc                CDWHCIFrameSchedulerNoSplit::~CDWHCIFrameSchedulerNoSplit()
                0x000000000000edcc                CDWHCIFrameSchedulerNoSplit::~CDWHCIFrameSchedulerNoSplit()
                0x000000000000edd0                CDWHCIFrameSchedulerNoSplit::IsOddFrame() const
                0x000000000000eddc                CDWHCIFrameSchedulerNoSplit::StartSplit()
                0x000000000000edf8                CDWHCIFrameSchedulerNoSplit::CompleteSplit()
                0x000000000000ee14                CDWHCIFrameSchedulerNoSplit::TransactionComplete(unsigned int)
                0x000000000000ee30                CDWHCIFrameSchedulerNoSplit::PeriodicDelay(unsigned short)
                0x000000000000ee4c                CDWHCIFrameSchedulerNoSplit::GetFrameNumber()
                0x000000000000ee94                CDWHCIFrameSchedulerNoSplit::CDWHCIFrameSchedulerNoSplit(bool)
                0x000000000000ee94                CDWHCIFrameSchedulerNoSplit::CDWHCIFrameSchedulerNoSplit(bool)
                0x000000000000eeb0                CDWHCIFrameSchedulerNoSplit::operator new(unsigned int)
                0x000000000000ef04                CDWHCIFrameSchedulerNoSplit::operator delete(void*, unsigned int)
                0x000000000000ef5c                CDWHCIFrameSchedulerNoSplit::~CDWHCIFrameSchedulerNoSplit()
                0x000000000000ef74                CDWHCIFrameSchedulerNoSplit::InitAllocator(unsigned int)
                0x000000000000efd0                CDWHCIFrameSchedulerNoSplit::InitProtectedAllocator(unsigned int, unsigned int)
 .text          0x000000000000f040      0x458 ../../lib/usb/libusb.a(dwhciframeschedper.o)
                0x000000000000f040                CDWHCIFrameSchedulerPeriodic::~CDWHCIFrameSchedulerPeriodic()
                0x000000000000f040                CDWHCIFrameSchedulerPeriodic::~CDWHCIFrameSchedulerPeriodic()
                0x000000000000f044                CDWHCIFrameSchedulerPeriodic::StartSplit()
                0x000000000000f064                CDWHCIFrameSchedulerPeriodic::PeriodicDelay(unsigned short)
                0x000000000000f07c                CDWHCIFrameSchedulerPeriodic::IsOddFrame() const
                0x000000000000f088                CDWHCIFrameSchedulerPeriodic::CompleteSplit()
                0x000000000000f12c                CDWHCIFrameSchedulerPeriodic::TransactionComplete(unsigned int)
                0x000000000000f224                CDWHCIFrameSchedulerPeriodic::GetFrameNumber()
                0x000000000000f2b4                CDWHCIFrameSchedulerPeriodic::CDWHCIFrameSchedulerPeriodic()
                0x000000000000f2b4                CDWHCIFrameSchedulerPeriodic::CDWHCIFrameSchedulerPeriodic()
                0x000000000000f308                CDWHCIFrameSchedulerPeriodic::operator new(unsigned int)
                0x000000000000f35c                CDWHCIFrameSchedulerPeriodic::operator delete(void*, unsigned int)
                0x000000000000f3b4                CDWHCIFrameSchedulerPeriodic::~CDWHCIFrameSchedulerPeriodic()
                0x000000000000f3cc                CDWHCIFrameSchedulerPeriodic::InitAllocator(unsigned int)
                0x000000000000f428                CDWHCIFrameSchedulerPeriodic::InitProtectedAllocator(unsigned int, unsigned int)
 .text          0x000000000000f498      0x2c0 ../../lib/usb/libusb.a(dwhciregister.o)
                0x000000000000f498                CDWHCIRegister::CDWHCIRegister(unsigned int)
                0x000000000000f498                CDWHCIRegister::CDWHCIRegister(unsigned int)
                0x000000000000f4a8                CDWHCIRegister::CDWHCIRegister(unsigned int, unsigned int)
                0x000000000000f4a8                CDWHCIRegister::CDWHCIRegister(unsigned int, unsigned int)
                0x000000000000f4b8                CDWHCIRegister::~CDWHCIRegister()
                0x000000000000f4b8                CDWHCIRegister::~CDWHCIRegister()
                0x000000000000f4bc                CDWHCIRegister::Read()
                0x000000000000f4d8                CDWHCIRegister::Write()
                0x000000000000f510                CDWHCIRegister::Get() const
                0x000000000000f540                CDWHCIRegister::Set(unsigned int)
                0x000000000000f550                CDWHCIRegister::IsSet(unsigned int) const
                0x000000000000f58c                CDWHCIRegister::And(unsigned int)
                0x000000000000f5c4                CDWHCIRegister::Or(unsigned int)
                0x000000000000f5fc                CDWHCIRegister::ClearBit(unsigned int)
                0x000000000000f654                CDWHCIRegister::SetBit(unsigned int)
                0x000000000000f6ac                CDWHCIRegister::ClearAll()
                0x000000000000f6c0                CDWHCIRegister::SetAll()
                0x000000000000f6d4                CDWHCIRegister::Dump() const
 .text          0x000000000000f758      0x334 ../../lib/usb/libusb.a(dwhcirootport.o)
                0x000000000000f758                CDWHCIRootPort::~CDWHCIRootPort()
                0x000000000000f758                CDWHCIRootPort::~CDWHCIRootPort()
                0x000000000000f78c                CDWHCIRootPort::~CDWHCIRootPort()
                0x000000000000f7cc                CDWHCIRootPort::RemoveDevice()
                0x000000000000f828                CDWHCIRootPort::ReScanDevices()
                0x000000000000f868                CDWHCIRootPort::HandlePortStatusChange()
                0x000000000000f8d4                CDWHCIRootPort::CDWHCIRootPort(CDWHCIDevice*)
                0x000000000000f8d4                CDWHCIRootPort::CDWHCIRootPort(CDWHCIDevice*)
                0x000000000000f910                CDWHCIRootPort::Initialize()
 .text          0x000000000000fa8c      0x568 ../../lib/usb/libusb.a(dwhcixactqueue.o)
                0x000000000000fa8c                CDWHCITransactionQueue::CDWHCITransactionQueue()
                0x000000000000fa8c                CDWHCITransactionQueue::CDWHCITransactionQueue()
                0x000000000000faa8                CDWHCITransactionQueue::Flush()
                0x000000000000fbd0                CDWHCITransactionQueue::~CDWHCITransactionQueue()
                0x000000000000fbd0                CDWHCITransactionQueue::~CDWHCITransactionQueue()
                0x000000000000fbec                CDWHCITransactionQueue::FlushDevice(CUSBDevice*)
                0x000000000000fd60                CDWHCITransactionQueue::Enqueue(CDWHCITransferStageData*, unsigned short)
                0x000000000000fec8                CDWHCITransactionQueue::Dequeue(unsigned short)
 .text          0x000000000000fff4      0xb30 ../../lib/usb/libusb.a(dwhcixferstagedata.o)
                0x000000000000fff4                CDWHCITransferStageData::~CDWHCITransferStageData()
                0x000000000000fff4                CDWHCITransferStageData::~CDWHCITransferStageData()
                0x0000000000010038                CDWHCITransferStageData::SetChannelNumber(unsigned int)
                0x0000000000010040                CDWHCITransferStageData::TransactionComplete(unsigned int, unsigned int, unsigned int)
                0x00000000000101e0                CDWHCITransferStageData::SetSplitComplete(bool)
                0x0000000000010210                CDWHCITransferStageData::SetState(unsigned int)
                0x0000000000010218                CDWHCITransferStageData::GetState() const
                0x0000000000010220                CDWHCITransferStageData::SetSubState(unsigned int)
                0x0000000000010228                CDWHCITransferStageData::GetSubState() const
                0x0000000000010230                CDWHCITransferStageData::BeginSplitCycle()
                0x0000000000010238                CDWHCITransferStageData::GetChannelNumber() const
                0x0000000000010240                CDWHCITransferStageData::IsPeriodic() const
                0x0000000000010284                CDWHCITransferStageData::CDWHCITransferStageData(unsigned int, CUSBRequest*, bool, bool, unsigned int)
                0x0000000000010284                CDWHCITransferStageData::CDWHCITransferStageData(unsigned int, CUSBRequest*, bool, bool, unsigned int)
                0x00000000000105a0                CDWHCITransferStageData::GetDeviceAddress() const
                0x00000000000105d0                CDWHCITransferStageData::GetEndpointType() const
                0x0000000000010630                CDWHCITransferStageData::GetEndpointNumber() const
                0x0000000000010660                CDWHCITransferStageData::GetMaxPacketSize() const
                0x0000000000010668                CDWHCITransferStageData::GetSpeed() const
                0x0000000000010670                CDWHCITransferStageData::GetPID() const
                0x00000000000106dc                CDWHCITransferStageData::IsDirectionIn() const
                0x00000000000106e4                CDWHCITransferStageData::IsStatusStage() const
                0x00000000000106ec                CDWHCITransferStageData::GetDMAAddress() const
                0x0000000000010718                CDWHCITransferStageData::GetBytesToTransfer() const
                0x0000000000010720                CDWHCITransferStageData::GetPacketsToTransfer() const
                0x0000000000010728                CDWHCITransferStageData::IsSplit() const
                0x0000000000010730                CDWHCITransferStageData::IsSplitComplete() const
                0x0000000000010764                CDWHCITransferStageData::GetHubAddress() const
                0x00000000000107b8                CDWHCITransferStageData::GetHubPortAddress() const
                0x000000000001080c                CDWHCITransferStageData::GetSplitPosition() const
                0x0000000000010814                CDWHCITransferStageData::GetStatusMask() const
                0x0000000000010848                CDWHCITransferStageData::GetTransactionStatus() const
                0x0000000000010874                CDWHCITransferStageData::GetUSBError() const
                0x00000000000108d8                CDWHCITransferStageData::IsStageComplete() const
                0x00000000000108e8                CDWHCITransferStageData::GetResultLen() const
                0x00000000000108fc                CDWHCITransferStageData::IsTimeout() const
                0x000000000001093c                CDWHCITransferStageData::GetURB() const
                0x0000000000010968                CDWHCITransferStageData::GetDevice() const
                0x0000000000010994                CDWHCITransferStageData::GetFrameScheduler() const
                0x000000000001099c                CDWHCITransferStageData::operator new(unsigned int)
                0x00000000000109f4                CDWHCITransferStageData::operator delete(void*, unsigned int)
                0x0000000000010a50                CDWHCITransferStageData::InitAllocator(unsigned int)
                0x0000000000010ab0                CDWHCITransferStageData::InitProtectedAllocator(unsigned int, unsigned int)
 .text          0x0000000000010b24     0x1078 ../../lib/usb/libusb.a(usbdevice.o)
                0x0000000000010b24                CUSBDevice::CUSBDevice(CUSBHostController*, TUSBSpeed, CUSBHCIRootPort*)
                0x0000000000010b24                CUSBDevice::CUSBDevice(CUSBHostController*, TUSBSpeed, CUSBHCIRootPort*)
                0x0000000000010be0                CUSBDevice::CUSBDevice(CUSBHostController*, TUSBSpeed, CUSBStandardHub*, unsigned int)
                0x0000000000010be0                CUSBDevice::CUSBDevice(CUSBHostController*, TUSBSpeed, CUSBStandardHub*, unsigned int)
                0x0000000000010d40                CUSBDevice::ReScanDevices()
                0x0000000000010d80                CUSBDevice::RemoveDevice()
                0x0000000000010dd0                CUSBDevice::GetName(TDeviceNameSelector) const
                0x0000000000010ee4                CUSBDevice::GetNames() const
                0x0000000000010fd4                CUSBDevice::SetAddress(unsigned char)
                0x0000000000011004                CUSBDevice::GetAddress() const
                0x000000000001100c                CUSBDevice::GetSpeed() const
                0x0000000000011014                CUSBDevice::IsSplit() const
                0x000000000001101c                CUSBDevice::GetHubAddress() const
                0x0000000000011024                CUSBDevice::GetHubPortNumber() const
                0x000000000001102c                CUSBDevice::GetTTHubDevice() const
                0x0000000000011034                CUSBDevice::GetEndpoint0() const
                0x000000000001105c                CUSBDevice::GetHost() const
                0x0000000000011088                CUSBDevice::GetDeviceDescriptor() const
                0x00000000000110b0                CUSBDevice::GetConfigurationDescriptor() const
                0x00000000000110dc                CUSBDevice::GetDescriptor(unsigned char)
                0x0000000000011108                CUSBDevice::ConfigurationError(char const*) const
                0x0000000000011138                CUSBDevice::LogWrite(TLogSeverity, char const*, ...)
                0x00000000000111e8                CUSBDevice::~CUSBDevice()
                0x00000000000111e8                CUSBDevice::~CUSBDevice()
                0x0000000000011374                CUSBDevice::~CUSBDevice()
                0x0000000000011394                CUSBDevice::Initialize()
                0x0000000000011aa8                CUSBDevice::Configure()
 .text.startup  0x0000000000011b9c       0x38 ../../lib/usb/libusb.a(usbdevice.o)
 .text          0x0000000000011bd4      0x5ec ../../lib/usb/libusb.a(usbdevicefactory.o)
                0x0000000000011bd4                CUSBDeviceFactory::FindDeviceID(CString*, TUSBDeviceID const*)
                0x0000000000011c68                CUSBDeviceFactory::GetDevice(CUSBFunction*, CString*)
 .text          0x00000000000121c0      0x364 ../../lib/usb/libusb.a(usbendpoint.o)
                0x00000000000121c0                CUSBEndpoint::CUSBEndpoint(CUSBDevice*)
                0x00000000000121c0                CUSBEndpoint::CUSBEndpoint(CUSBDevice*)
                0x0000000000012208                CUSBEndpoint::CUSBEndpoint(CUSBDevice*, TUSBEndpointDescriptor const*)
                0x0000000000012208                CUSBEndpoint::CUSBEndpoint(CUSBDevice*, TUSBEndpointDescriptor const*)
                0x0000000000012380                CUSBEndpoint::~CUSBEndpoint()
                0x0000000000012380                CUSBEndpoint::~CUSBEndpoint()
                0x0000000000012384                CUSBEndpoint::GetDevice() const
                0x00000000000123ac                CUSBEndpoint::GetNumber() const
                0x00000000000123b4                CUSBEndpoint::GetType() const
                0x00000000000123bc                CUSBEndpoint::IsDirectionIn() const
                0x00000000000123c4                CUSBEndpoint::SetMaxPacketSize(unsigned int)
                0x00000000000123d4                CUSBEndpoint::GetMaxPacketSize() const
                0x00000000000123dc                CUSBEndpoint::GetInterval() const
                0x000000000001240c                CUSBEndpoint::GetNextPID(bool)
                0x000000000001244c                CUSBEndpoint::SkipPID(unsigned int, bool)
                0x00000000000124f4                CUSBEndpoint::ResetPID()
 .text          0x0000000000012524      0x660 ../../lib/usb/libusb.a(usbfunction.o)
                0x0000000000012524                CUSBFunction::Initialize()
                0x000000000001252c                CUSBFunction::ReScanDevices()
                0x0000000000012534                CUSBFunction::~CUSBFunction()
                0x0000000000012534                CUSBFunction::~CUSBFunction()
                0x000000000001258c                CUSBFunction::~CUSBFunction()
                0x00000000000125ac                CUSBFunction::RemoveDevice()
                0x00000000000125d8                CUSBFunction::Configure()
                0x00000000000126cc                CUSBFunction::CUSBFunction(CUSBDevice*, CUSBConfigurationParser*)
                0x00000000000126cc                CUSBFunction::CUSBFunction(CUSBDevice*, CUSBConfigurationParser*)
                0x0000000000012780                CUSBFunction::CUSBFunction(CUSBFunction*)
                0x0000000000012780                CUSBFunction::CUSBFunction(CUSBFunction*)
                0x0000000000012858                CUSBFunction::GetInterfaceName() const
                0x00000000000128d0                CUSBFunction::GetNumEndpoints() const
                0x0000000000012900                CUSBFunction::GetDevice() const
                0x0000000000012928                CUSBFunction::GetEndpoint0() const
                0x0000000000012954                CUSBFunction::GetHost() const
                0x0000000000012980                CUSBFunction::GetDescriptor(unsigned char)
                0x00000000000129ac                CUSBFunction::ConfigurationError(char const*) const
                0x00000000000129f8                CUSBFunction::SelectInterfaceByClass(unsigned char, unsigned char, unsigned char)
                0x0000000000012ac4                CUSBFunction::GetInterfaceNumber() const
                0x0000000000012af4                CUSBFunction::GetInterfaceClass() const
                0x0000000000012b24                CUSBFunction::GetInterfaceSubClass() const
                0x0000000000012b54                CUSBFunction::GetInterfaceProtocol() const
 .text          0x0000000000012b84      0x56c ../../lib/usb/libusb.a(usbgamepadps3.o)
                0x0000000000012b84                CUSBGamePadPS3Device::~CUSBGamePadPS3Device()
                0x0000000000012b84                CUSBGamePadPS3Device::~CUSBGamePadPS3Device()
                0x0000000000012ba4                CUSBGamePadPS3Device::~CUSBGamePadPS3Device()
                0x0000000000012bd0                CUSBGamePadPS3Device::SetRumbleMode(TGamePadRumbleMode)
                0x0000000000012ccc                CUSBGamePadPS3Device::SetLEDMode(TGamePadLEDMode)
                0x0000000000012d5c                CUSBGamePadPS3Device::CUSBGamePadPS3Device(CUSBFunction*)
                0x0000000000012d5c                CUSBGamePadPS3Device::CUSBGamePadPS3Device(CUSBFunction*)
                0x0000000000012dac                CUSBGamePadPS3Device::PS3Enable()
                0x0000000000012e68                CUSBGamePadPS3Device::Configure()
                0x0000000000012f84                CUSBGamePadPS3Device::DecodeReport(unsigned char const*)
 .text._ZN17CUSBGamePadDevice10SetLEDModeEjhh
                0x00000000000130f0        0x8 ../../lib/usb/libusb.a(usbgamepadps3.o)
                0x00000000000130f0                CUSBGamePadDevice::SetLEDMode(unsigned int, unsigned char, unsigned char)
 .text._ZN20CUSBGamePadPS3Device13GetPropertiesEv
                0x00000000000130f8        0x8 ../../lib/usb/libusb.a(usbgamepadps3.o)
                0x00000000000130f8                CUSBGamePadPS3Device::GetProperties()
 .text          0x0000000000013100      0x7f0 ../../lib/usb/libusb.a(usbgamepadps4.o)
                0x0000000000013100                CUSBGamePadPS4Device::DecodeReport(unsigned char const*)
                0x00000000000132b0                CUSBGamePadPS4Device::~CUSBGamePadPS4Device()
                0x00000000000132b0                CUSBGamePadPS4Device::~CUSBGamePadPS4Device()
                0x00000000000132fc                CUSBGamePadPS4Device::~CUSBGamePadPS4Device()
                0x000000000001331c                CUSBGamePadPS4Device::CUSBGamePadPS4Device(CUSBFunction*)
                0x000000000001331c                CUSBGamePadPS4Device::CUSBGamePadPS4Device(CUSBFunction*)
                0x0000000000013368                CUSBGamePadPS4Device::HandleTouchpad(unsigned char const*)
                0x0000000000013500                CUSBGamePadPS4Device::ReportHandler(unsigned char const*, unsigned int)
                0x000000000001356c                CUSBGamePadPS4Device::SendLedRumbleCommand()
                0x0000000000013614                CUSBGamePadPS4Device::SetLEDMode(TGamePadLEDMode)
                0x00000000000136f4                CUSBGamePadPS4Device::SetLEDMode(unsigned int, unsigned char, unsigned char)
                0x000000000001371c                CUSBGamePadPS4Device::SetRumbleMode(TGamePadRumbleMode)
                0x0000000000013780                CUSBGamePadPS4Device::DisableTouchpad()
                0x0000000000013794                CUSBGamePadPS4Device::Configure()
 .text._ZN20CUSBGamePadPS4Device13GetPropertiesEv
                0x00000000000138f0        0x8 ../../lib/usb/libusb.a(usbgamepadps4.o)
                0x00000000000138f0                CUSBGamePadPS4Device::GetProperties()
 .text          0x00000000000138f8      0x790 ../../lib/usb/libusb.a(usbgamepadstandard.o)
                0x00000000000138f8                CUSBGamePadStandardDevice::~CUSBGamePadStandardDevice()
                0x00000000000138f8                CUSBGamePadStandardDevice::~CUSBGamePadStandardDevice()
                0x0000000000013934                CUSBGamePadStandardDevice::~CUSBGamePadStandardDevice()
                0x0000000000013954                CUSBGamePadStandardDevice::CUSBGamePadStandardDevice(CUSBFunction*, bool)
                0x0000000000013954                CUSBGamePadStandardDevice::CUSBGamePadStandardDevice(CUSBFunction*, bool)
                0x000000000001398c                CUSBGamePadStandardDevice::BitGetUnsigned(void const*, unsigned int, unsigned int)
                0x0000000000013a8c                CUSBGamePadStandardDevice::BitGetSigned(void const*, unsigned int, unsigned int)
                0x0000000000013ab4                CUSBGamePadStandardDevice::DecodeReport(unsigned char const*)
                0x0000000000013ed8                CUSBGamePadStandardDevice::Configure()
 .text._ZN17CUSBGamePadDevice13GetPropertiesEv
                0x0000000000014088        0x8 ../../lib/usb/libusb.a(usbgamepadstandard.o)
                0x0000000000014088                CUSBGamePadDevice::GetProperties()
 .text._ZN17CUSBGamePadDevice10SetLEDModeE15TGamePadLEDMode
                0x0000000000014090        0x8 ../../lib/usb/libusb.a(usbgamepadstandard.o)
                0x0000000000014090                CUSBGamePadDevice::SetLEDMode(TGamePadLEDMode)
 .text._ZN17CUSBGamePadDevice13SetRumbleModeE18TGamePadRumbleMode
                0x0000000000014098        0x8 ../../lib/usb/libusb.a(usbgamepadstandard.o)
                0x0000000000014098                CUSBGamePadDevice::SetRumbleMode(TGamePadRumbleMode)
 .text          0x00000000000140a0      0x770 ../../lib/usb/libusb.a(usbgamepadswitchpro.o)
                0x00000000000140a0                CUSBGamePadSwitchProDevice::~CUSBGamePadSwitchProDevice()
                0x00000000000140a0                CUSBGamePadSwitchProDevice::~CUSBGamePadSwitchProDevice()
                0x00000000000140c0                CUSBGamePadSwitchProDevice::~CUSBGamePadSwitchProDevice()
                0x00000000000140ec                CUSBGamePadSwitchProDevice::DecodeReport(unsigned char const*)
                0x00000000000142ec                CUSBGamePadSwitchProDevice::SetLEDMode(TGamePadLEDMode)
                0x0000000000014398                CUSBGamePadSwitchProDevice::SetRumbleMode(TGamePadRumbleMode)
                0x0000000000014484                CUSBGamePadSwitchProDevice::CUSBGamePadSwitchProDevice(CUSBFunction*)
                0x0000000000014484                CUSBGamePadSwitchProDevice::CUSBGamePadSwitchProDevice(CUSBFunction*)
                0x00000000000144c4                CUSBGamePadSwitchProDevice::Configure()
 .text._ZN26CUSBGamePadSwitchProDevice13GetPropertiesEv
                0x0000000000014810        0x8 ../../lib/usb/libusb.a(usbgamepadswitchpro.o)
                0x0000000000014810                CUSBGamePadSwitchProDevice::GetProperties()
 .text          0x0000000000014818      0x3c0 ../../lib/usb/libusb.a(usbgamepadxbox360.o)
                0x0000000000014818                CUSBGamePadXbox360Device::~CUSBGamePadXbox360Device()
                0x0000000000014818                CUSBGamePadXbox360Device::~CUSBGamePadXbox360Device()
                0x0000000000014838                CUSBGamePadXbox360Device::~CUSBGamePadXbox360Device()
                0x0000000000014864                CUSBGamePadXbox360Device::ReportHandler(unsigned char const*, unsigned int)
                0x00000000000148d4                CUSBGamePadXbox360Device::DecodeReport(unsigned char const*)
                0x0000000000014a10                CUSBGamePadXbox360Device::SetLEDMode(TGamePadLEDMode)
                0x0000000000014a68                CUSBGamePadXbox360Device::SetRumbleMode(TGamePadRumbleMode)
                0x0000000000014af8                CUSBGamePadXbox360Device::CUSBGamePadXbox360Device(CUSBFunction*)
                0x0000000000014af8                CUSBGamePadXbox360Device::CUSBGamePadXbox360Device(CUSBFunction*)
                0x0000000000014b18                CUSBGamePadXbox360Device::Configure()
 .text._ZN24CUSBGamePadXbox360Device13GetPropertiesEv
                0x0000000000014bd8        0x8 ../../lib/usb/libusb.a(usbgamepadxbox360.o)
                0x0000000000014bd8                CUSBGamePadXbox360Device::GetProperties()
 .text          0x0000000000014be0      0x508 ../../lib/usb/libusb.a(usbgamepadxboxone.o)
                0x0000000000014be0                CUSBGamePadXboxOneDevice::DecodeReport(unsigned char const*)
                0x0000000000014d90                CUSBGamePadXboxOneDevice::~CUSBGamePadXboxOneDevice()
                0x0000000000014d90                CUSBGamePadXboxOneDevice::~CUSBGamePadXboxOneDevice()
                0x0000000000014db0                CUSBGamePadXboxOneDevice::~CUSBGamePadXboxOneDevice()
                0x0000000000014ddc                CUSBGamePadXboxOneDevice::ReportHandler(unsigned char const*, unsigned int)
                0x0000000000014ee4                CUSBGamePadXboxOneDevice::SetRumbleMode(TGamePadRumbleMode)
                0x0000000000014f9c                CUSBGamePadXboxOneDevice::CUSBGamePadXboxOneDevice(CUSBFunction*)
                0x0000000000014f9c                CUSBGamePadXboxOneDevice::CUSBGamePadXboxOneDevice(CUSBFunction*)
                0x0000000000014fc4                CUSBGamePadXboxOneDevice::Configure()
 .text._ZN24CUSBGamePadXboxOneDevice13GetPropertiesEv
                0x00000000000150e8        0x8 ../../lib/usb/libusb.a(usbgamepadxboxone.o)
                0x00000000000150e8                CUSBGamePadXboxOneDevice::GetProperties()
 .text          0x00000000000150f0      0x81c ../../lib/usb/libusb.a(usbhiddevice.o)
                0x00000000000150f0                CUSBHIDDevice::SendCompletionRoutine(CUSBRequest*, void*, void*)
                0x0000000000015180                CUSBHIDDevice::CUSBHIDDevice(CUSBFunction*, unsigned int)
                0x0000000000015180                CUSBHIDDevice::CUSBHIDDevice(CUSBFunction*, unsigned int)
                0x00000000000151d4                CUSBHIDDevice::~CUSBHIDDevice()
                0x00000000000151d4                CUSBHIDDevice::~CUSBHIDDevice()
                0x0000000000015260                CUSBHIDDevice::~CUSBHIDDevice()
                0x0000000000015280                CUSBHIDDevice::Configure(unsigned int)
                0x0000000000015500                CUSBHIDDevice::SendToEndpointOut(void const*, unsigned int, unsigned int)
                0x0000000000015590                CUSBHIDDevice::SendToEndpointOutAsync(void const*, unsigned int, unsigned int)
                0x0000000000015670                CUSBHIDDevice::ReceiveFromEndpointIn(void*, unsigned int, unsigned int)
                0x0000000000015704                CUSBHIDDevice::StartRequest()
                0x00000000000157d4                CUSBHIDDevice::CompletionRoutine(CUSBRequest*)
                0x00000000000158dc                CUSBHIDDevice::CompletionStub(CUSBRequest*, void*, void*)
 .text          0x000000000001590c      0xdc0 ../../lib/usb/libusb.a(usbmassdevice.o)
                0x000000000001590c                CUSBBulkOnlyMassStorageDevice::CUSBBulkOnlyMassStorageDevice(CUSBFunction*)
                0x000000000001590c                CUSBBulkOnlyMassStorageDevice::CUSBBulkOnlyMassStorageDevice(CUSBFunction*)
                0x0000000000015954                CUSBBulkOnlyMassStorageDevice::~CUSBBulkOnlyMassStorageDevice()
                0x0000000000015954                CUSBBulkOnlyMassStorageDevice::~CUSBBulkOnlyMassStorageDevice()
                0x0000000000015a2c                CUSBBulkOnlyMassStorageDevice::~CUSBBulkOnlyMassStorageDevice()
                0x0000000000015a4c                CUSBBulkOnlyMassStorageDevice::Configure()
                0x0000000000015ef0                CUSBBulkOnlyMassStorageDevice::Read(void*, unsigned int)
                0x0000000000015f58                CUSBBulkOnlyMassStorageDevice::Write(void const*, unsigned int)
                0x0000000000015fc0                CUSBBulkOnlyMassStorageDevice::Seek(unsigned long long)
                0x0000000000015fd0                CUSBBulkOnlyMassStorageDevice::GetCapacity() const
                0x0000000000015fd8                CUSBBulkOnlyMassStorageDevice::TryRead(void*, unsigned int)
                0x00000000000160cc                CUSBBulkOnlyMassStorageDevice::TryWrite(void const*, unsigned int)
                0x00000000000161bc                CUSBBulkOnlyMassStorageDevice::Command(void*, unsigned int, void*, unsigned int, bool)
                0x0000000000016530                CUSBBulkOnlyMassStorageDevice::Reset()
 .text.startup  0x00000000000166cc        0x4 ../../lib/usb/libusb.a(usbmassdevice.o)
 .text          0x00000000000166d0      0x744 ../../lib/usb/libusb.a(usbmouse.o)
                0x00000000000166d0                CUSBMouseDevice::~CUSBMouseDevice()
                0x00000000000166d0                CUSBMouseDevice::~CUSBMouseDevice()
                0x000000000001672c                CUSBMouseDevice::~CUSBMouseDevice()
                0x000000000001674c                CUSBMouseDevice::CUSBMouseDevice(CUSBFunction*)
                0x000000000001674c                CUSBMouseDevice::CUSBMouseDevice(CUSBFunction*)
                0x000000000001677c                CUSBMouseDevice::ExtractUnsigned(void const*, unsigned int, unsigned int)
                0x0000000000016814                CUSBMouseDevice::ExtractSigned(void const*, unsigned int, unsigned int)
                0x0000000000016880                CUSBMouseDevice::ReportHandler(unsigned char const*, unsigned int)
                0x0000000000016974                CUSBMouseDevice::DecodeReport()
                0x0000000000016cbc                CUSBMouseDevice::Configure()
 .text          0x0000000000016e14      0x3ac ../../lib/usb/libusb.a(usbprinter.o)
                0x0000000000016e14                CUSBPrinterDevice::~CUSBPrinterDevice()
                0x0000000000016e14                CUSBPrinterDevice::~CUSBPrinterDevice()
                0x0000000000016ebc                CUSBPrinterDevice::~CUSBPrinterDevice()
                0x0000000000016edc                CUSBPrinterDevice::Write(void const*, unsigned int)
                0x0000000000016f74                CUSBPrinterDevice::CUSBPrinterDevice(CUSBFunction*)
                0x0000000000016f74                CUSBPrinterDevice::CUSBPrinterDevice(CUSBFunction*)
                0x0000000000016fa8                CUSBPrinterDevice::Configure()
 .text.startup  0x00000000000171c0       0x38 ../../lib/usb/libusb.a(usbprinter.o)
 .text          0x00000000000171f8      0x598 ../../lib/usb/libusb.a(usbserialch341.o)
                0x00000000000171f8                CUSBSerialCH341Device::~CUSBSerialCH341Device()
                0x00000000000171f8                CUSBSerialCH341Device::~CUSBSerialCH341Device()
                0x0000000000017218                CUSBSerialCH341Device::~CUSBSerialCH341Device()
                0x0000000000017244                CUSBSerialCH341Device::SetBaudRate(unsigned int)
                0x0000000000017364                CUSBSerialCH341Device::CUSBSerialCH341Device(CUSBFunction*)
                0x0000000000017364                CUSBSerialCH341Device::CUSBSerialCH341Device(CUSBFunction*)
                0x0000000000017388                CUSBSerialCH341Device::GetDeviceIDTable()
                0x0000000000017394                CUSBSerialCH341Device::Configure()
                0x0000000000017548                CUSBSerialCH341Device::SetLineProperties(TUSBSerialDataBits, TUSBSerialParity, TUSBSerialStopBits)
 .text          0x0000000000017790      0x518 ../../lib/usb/libusb.a(usbserialcp2102.o)
                0x0000000000017790                CUSBSerialCP2102Device::~CUSBSerialCP2102Device()
                0x0000000000017790                CUSBSerialCP2102Device::~CUSBSerialCP2102Device()
                0x00000000000177b0                CUSBSerialCP2102Device::~CUSBSerialCP2102Device()
                0x00000000000177dc                CUSBSerialCP2102Device::SetBaudRate(unsigned int)
                0x00000000000178ac                CUSBSerialCP2102Device::CUSBSerialCP2102Device(CUSBFunction*)
                0x00000000000178ac                CUSBSerialCP2102Device::CUSBSerialCP2102Device(CUSBFunction*)
                0x00000000000178d0                CUSBSerialCP2102Device::GetDeviceIDTable()
                0x00000000000178dc                CUSBSerialCP2102Device::Configure()
                0x0000000000017ac4                CUSBSerialCP2102Device::SetLineProperties(TUSBSerialDataBits, TUSBSerialParity, TUSBSerialStopBits)
 .text          0x0000000000017ca8      0x9a0 ../../lib/usb/libusb.a(usbserialpl2303.o)
                0x0000000000017ca8                CUSBSerialPL2303Device::~CUSBSerialPL2303Device()
                0x0000000000017ca8                CUSBSerialPL2303Device::~CUSBSerialPL2303Device()
                0x0000000000017cc8                CUSBSerialPL2303Device::~CUSBSerialPL2303Device()
                0x0000000000017cf4                CUSBSerialPL2303Device::SetBaudRate(unsigned int)
                0x0000000000017e2c                CUSBSerialPL2303Device::CUSBSerialPL2303Device(CUSBFunction*)
                0x0000000000017e2c                CUSBSerialPL2303Device::CUSBSerialPL2303Device(CUSBFunction*)
                0x0000000000017e50                CUSBSerialPL2303Device::GetDeviceIDTable()
                0x0000000000017e5c                CUSBSerialPL2303Device::Configure()
                0x000000000001838c                CUSBSerialPL2303Device::SetLineProperties(TUSBSerialDataBits, TUSBSerialParity, TUSBSerialStopBits)
 .text          0x0000000000018648      0x5e0 ../../lib/usb/libusb.a(usbserialft231x.o)
                0x0000000000018648                CUSBSerialFT231XDevice::~CUSBSerialFT231XDevice()
                0x0000000000018648                CUSBSerialFT231XDevice::~CUSBSerialFT231XDevice()
                0x0000000000018668                CUSBSerialFT231XDevice::~CUSBSerialFT231XDevice()
                0x0000000000018694                CUSBSerialFT231XDevice::SetBaudRate(unsigned int)
                0x00000000000187cc                CUSBSerialFT231XDevice::CUSBSerialFT231XDevice(CUSBFunction*)
                0x00000000000187cc                CUSBSerialFT231XDevice::CUSBSerialFT231XDevice(CUSBFunction*)
                0x00000000000187f0                CUSBSerialFT231XDevice::GetDeviceIDTable()
                0x00000000000187fc                CUSBSerialFT231XDevice::Configure()
                0x0000000000018a10                CUSBSerialFT231XDevice::SetLineProperties(TUSBSerialDataBits, TUSBSerialParity, TUSBSerialStopBits)
 .text          0x0000000000018c28      0x200 ../../lib/usb/libusb.a(usbserialcdc.o)
                0x0000000000018c28                CUSBSerialCDCDevice::~CUSBSerialCDCDevice()
                0x0000000000018c28                CUSBSerialCDCDevice::~CUSBSerialCDCDevice()
                0x0000000000018c48                CUSBSerialCDCDevice::~CUSBSerialCDCDevice()
                0x0000000000018c74                CUSBSerialCDCDevice::CUSBSerialCDCDevice(CUSBFunction*)
                0x0000000000018c74                CUSBSerialCDCDevice::CUSBSerialCDCDevice(CUSBFunction*)
                0x0000000000018cb4                CUSBSerialCDCDevice::SetLineCoding()
                0x0000000000018db0                CUSBSerialCDCDevice::SetBaudRate(unsigned int)
                0x0000000000018db8                CUSBSerialCDCDevice::SetLineProperties(TUSBSerialDataBits, TUSBSerialParity, TUSBSerialStopBits)
                0x0000000000018dc8                CUSBSerialCDCDevice::Configure()
 .text          0x0000000000018e28      0xdec ../../lib/usb/libusb.a(lan7800.o)
                0x0000000000018e28                CLAN7800Device::GetMACAddress() const
                0x0000000000018e30                CLAN7800Device::~CLAN7800Device()
                0x0000000000018e30                CLAN7800Device::~CLAN7800Device()
                0x0000000000018eb4                non-virtual thunk to CLAN7800Device::~CLAN7800Device()
                0x0000000000018ebc                CLAN7800Device::~CLAN7800Device()
                0x0000000000018edc                non-virtual thunk to CLAN7800Device::~CLAN7800Device()
                0x0000000000018ee4                CLAN7800Device::ReceiveFrame(void*, unsigned int*)
                0x0000000000019054                non-virtual thunk to CLAN7800Device::ReceiveFrame(void*, unsigned int*)
                0x000000000001905c                CLAN7800Device::SendFrame(void const*, unsigned int)
                0x0000000000019114                non-virtual thunk to CLAN7800Device::SendFrame(void const*, unsigned int)
                0x000000000001911c                non-virtual thunk to CLAN7800Device::GetMACAddress() const
                0x0000000000019124                CLAN7800Device::CLAN7800Device(CUSBFunction*)
                0x0000000000019124                CLAN7800Device::CLAN7800Device(CUSBFunction*)
                0x0000000000019164                CLAN7800Device::WriteReg(unsigned int, unsigned int)
                0x00000000000191fc                CLAN7800Device::ReadReg(unsigned int, unsigned int*)
                0x0000000000019290                CLAN7800Device::WaitReg(unsigned int, unsigned int, unsigned int, unsigned int, unsigned int)
                0x0000000000019340                CLAN7800Device::PHYWrite(unsigned char, unsigned short)
                0x0000000000019400                CLAN7800Device::PHYRead(unsigned char, unsigned short*)
                0x00000000000194f0                CLAN7800Device::IsLinkUp()
                0x000000000001951c                non-virtual thunk to CLAN7800Device::IsLinkUp()
                0x0000000000019524                CLAN7800Device::GetLinkSpeed()
                0x00000000000195bc                non-virtual thunk to CLAN7800Device::GetLinkSpeed()
                0x00000000000195c4                CLAN7800Device::InitPHY()
                0x0000000000019628                CLAN7800Device::ReadWriteReg(unsigned int, unsigned int, unsigned int)
                0x0000000000019674                CLAN7800Device::InitMACAddress()
                0x000000000001979c                CLAN7800Device::Configure()
 .text._ZN10CNetDevice7GetTypeEv
                0x0000000000019c14        0x8 ../../lib/usb/libusb.a(lan7800.o)
                0x0000000000019c14                CNetDevice::GetType()
 .text._ZN10CNetDevice20IsSendFrameAdvisableEv
                0x0000000000019c1c        0x8 ../../lib/usb/libusb.a(lan7800.o)
                0x0000000000019c1c                CNetDevice::IsSendFrameAdvisable()
 .text._ZN10CNetDevice9UpdatePHYEv
                0x0000000000019c24        0x8 ../../lib/usb/libusb.a(lan7800.o)
                0x0000000000019c24                CNetDevice::UpdatePHY()
 .text          0x0000000000019c2c      0xb60 ../../lib/usb/libusb.a(smsc951x.o)
                0x0000000000019c2c                CSMSC951xDevice::GetMACAddress() const
                0x0000000000019c34                CSMSC951xDevice::~CSMSC951xDevice()
                0x0000000000019c34                CSMSC951xDevice::~CSMSC951xDevice()
                0x0000000000019cb8                non-virtual thunk to CSMSC951xDevice::~CSMSC951xDevice()
                0x0000000000019cc0                CSMSC951xDevice::~CSMSC951xDevice()
                0x0000000000019ce0                non-virtual thunk to CSMSC951xDevice::~CSMSC951xDevice()
                0x0000000000019ce8                CSMSC951xDevice::ReceiveFrame(void*, unsigned int*)
                0x0000000000019e68                non-virtual thunk to CSMSC951xDevice::ReceiveFrame(void*, unsigned int*)
                0x0000000000019e70                CSMSC951xDevice::SendFrame(void const*, unsigned int)
                0x0000000000019f20                non-virtual thunk to CSMSC951xDevice::SendFrame(void const*, unsigned int)
                0x0000000000019f28                non-virtual thunk to CSMSC951xDevice::GetMACAddress() const
                0x0000000000019f30                CSMSC951xDevice::CSMSC951xDevice(CUSBFunction*)
                0x0000000000019f30                CSMSC951xDevice::CSMSC951xDevice(CUSBFunction*)
                0x0000000000019f70                CSMSC951xDevice::WriteReg(unsigned int, unsigned int)
                0x0000000000019fd8                CSMSC951xDevice::ReadReg(unsigned int, unsigned int*)
                0x000000000001a03c                CSMSC951xDevice::PHYWaitNotBusy()
                0x000000000001a0c0                CSMSC951xDevice::PHYWrite(unsigned char, unsigned short)
                0x000000000001a14c                CSMSC951xDevice::PHYRead(unsigned char, unsigned short*)
                0x000000000001a214                CSMSC951xDevice::IsLinkUp()
                0x000000000001a240                non-virtual thunk to CSMSC951xDevice::IsLinkUp()
                0x000000000001a248                CSMSC951xDevice::GetLinkSpeed()
                0x000000000001a2a8                non-virtual thunk to CSMSC951xDevice::GetLinkSpeed()
                0x000000000001a2b0                CSMSC951xDevice::DumpReg(char const*, unsigned int)
                0x000000000001a324                CSMSC951xDevice::DumpRegs()
                0x000000000001a4bc                CSMSC951xDevice::Configure()
 .text          0x000000000001a78c      0x5f0 ../../lib/usb/libusb.a(usbbluetooth.o)
                0x000000000001a78c                CUSBBluetoothDevice::~CUSBBluetoothDevice()
                0x000000000001a78c                CUSBBluetoothDevice::~CUSBBluetoothDevice()
                0x000000000001a87c                CUSBBluetoothDevice::~CUSBBluetoothDevice()
                0x000000000001a89c                CUSBBluetoothDevice::CUSBBluetoothDevice(CUSBFunction*)
                0x000000000001a89c                CUSBBluetoothDevice::CUSBBluetoothDevice(CUSBFunction*)
                0x000000000001a8d8                CUSBBluetoothDevice::SendHCICommand(void const*, unsigned int)
                0x000000000001a934                CUSBBluetoothDevice::StartRequest()
                0x000000000001a9f0                CUSBBluetoothDevice::RegisterHCIEventHandler(void (*)(void const*, unsigned int))
                0x000000000001aa1c                CUSBBluetoothDevice::CompletionRoutine(CUSBRequest*)
                0x000000000001ab1c                CUSBBluetoothDevice::CompletionStub(CUSBRequest*, void*, void*)
                0x000000000001ab4c                CUSBBluetoothDevice::Configure()
 .text.startup  0x000000000001ad7c       0x38 ../../lib/usb/libusb.a(usbbluetooth.o)
 .text          0x000000000001adb4      0x5c8 ../../lib/usb/libusb.a(usbcdcethernet.o)
                0x000000000001adb4                CUSBCDCEthernetDevice::GetMACAddress() const
                0x000000000001adbc                CUSBCDCEthernetDevice::~CUSBCDCEthernetDevice()
                0x000000000001adbc                CUSBCDCEthernetDevice::~CUSBCDCEthernetDevice()
                0x000000000001ae40                non-virtual thunk to CUSBCDCEthernetDevice::~CUSBCDCEthernetDevice()
                0x000000000001ae48                CUSBCDCEthernetDevice::~CUSBCDCEthernetDevice()
                0x000000000001ae68                non-virtual thunk to CUSBCDCEthernetDevice::~CUSBCDCEthernetDevice()
                0x000000000001ae70                CUSBCDCEthernetDevice::ReceiveFrame(void*, unsigned int*)
                0x000000000001af50                non-virtual thunk to CUSBCDCEthernetDevice::ReceiveFrame(void*, unsigned int*)
                0x000000000001af58                CUSBCDCEthernetDevice::SendFrame(void const*, unsigned int)
                0x000000000001aff4                non-virtual thunk to CUSBCDCEthernetDevice::SendFrame(void const*, unsigned int)
                0x000000000001affc                non-virtual thunk to CUSBCDCEthernetDevice::GetMACAddress() const
                0x000000000001b004                CUSBCDCEthernetDevice::CUSBCDCEthernetDevice(CUSBFunction*)
                0x000000000001b004                CUSBCDCEthernetDevice::CUSBCDCEthernetDevice(CUSBFunction*)
                0x000000000001b044                CUSBCDCEthernetDevice::InitMACAddress(unsigned char)
                0x000000000001b13c                CUSBCDCEthernetDevice::Configure()
 .text._ZN10CNetDevice8IsLinkUpEv
                0x000000000001b37c        0x8 ../../lib/usb/libusb.a(usbcdcethernet.o)
                0x000000000001b37c                CNetDevice::IsLinkUp()
 .text._ZN10CNetDevice12GetLinkSpeedEv
                0x000000000001b384        0x8 ../../lib/usb/libusb.a(usbcdcethernet.o)
                0x000000000001b384                CNetDevice::GetLinkSpeed()
 .text          0x000000000001b38c      0x31c ../../lib/usb/libusb.a(usbconfigparser.o)
                0x000000000001b38c                CUSBConfigurationParser::CUSBConfigurationParser(void const*, unsigned int)
                0x000000000001b38c                CUSBConfigurationParser::CUSBConfigurationParser(void const*, unsigned int)
                0x000000000001b4e8                CUSBConfigurationParser::CUSBConfigurationParser(CUSBConfigurationParser*)
                0x000000000001b4e8                CUSBConfigurationParser::CUSBConfigurationParser(CUSBConfigurationParser*)
                0x000000000001b548                CUSBConfigurationParser::~CUSBConfigurationParser()
                0x000000000001b548                CUSBConfigurationParser::~CUSBConfigurationParser()
                0x000000000001b54c                CUSBConfigurationParser::IsValid() const
                0x000000000001b554                CUSBConfigurationParser::GetDescriptor(unsigned char)
                0x000000000001b5f8                CUSBConfigurationParser::GetCurrentDescriptor()
                0x000000000001b640                CUSBConfigurationParser::Error(char const*) const
 .text          0x000000000001b6a8      0x230 ../../lib/usb/libusb.a(usbgamepad.o)
                0x000000000001b6a8                CUSBGamePadDevice::GetInitialState()
                0x000000000001b6b0                CUSBGamePadDevice::ReportHandler(unsigned char const*, unsigned int)
                0x000000000001b704                CUSBGamePadDevice::RegisterStatusHandler(void (*)(unsigned int, TGamePadState const*))
                0x000000000001b74c                CUSBGamePadDevice::Configure()
                0x000000000001b814                CUSBGamePadDevice::CUSBGamePadDevice(CUSBFunction*)
                0x000000000001b814                CUSBGamePadDevice::CUSBGamePadDevice(CUSBFunction*)
                0x000000000001b858                CUSBGamePadDevice::~CUSBGamePadDevice()
                0x000000000001b858                CUSBGamePadDevice::~CUSBGamePadDevice()
                0x000000000001b8b8                CUSBGamePadDevice::~CUSBGamePadDevice()
 .text.startup  0x000000000001b8d8       0x38 ../../lib/usb/libusb.a(usbgamepad.o)
 .text          0x000000000001b910      0x548 ../../lib/usb/libusb.a(usbstring.o)
                0x000000000001b910                CUSBString::CUSBString(CUSBDevice*)
                0x000000000001b910                CUSBString::CUSBString(CUSBDevice*)
                0x000000000001b960                CUSBString::CUSBString(CUSBString*)
                0x000000000001b960                CUSBString::CUSBString(CUSBString*)
                0x000000000001ba1c                CUSBString::~CUSBString()
                0x000000000001ba1c                CUSBString::~CUSBString()
                0x000000000001ba5c                CUSBString::GetFromDescriptor(unsigned char, unsigned short)
                0x000000000001bca4                CUSBString::Get() const
                0x000000000001bcac                CUSBString::GetLanguageID()
 .text          0x000000000001be58      0x740 ../../lib/usb/libusb.a(usbserial.o)
                0x000000000001be58                CUSBSerialDevice::SetBaudRate(unsigned int)
                0x000000000001be60                CUSBSerialDevice::SetLineProperties(TUSBSerialDataBits, TUSBSerialParity, TUSBSerialStopBits)
                0x000000000001be68                CUSBSerialDevice::~CUSBSerialDevice()
                0x000000000001be68                CUSBSerialDevice::~CUSBSerialDevice()
                0x000000000001bf2c                CUSBSerialDevice::~CUSBSerialDevice()
                0x000000000001bf4c                CUSBSerialDevice::Write(void const*, unsigned int)
                0x000000000001c05c                CUSBSerialDevice::Read(void*, unsigned int)
                0x000000000001c264                CUSBSerialDevice::CUSBSerialDevice(CUSBFunction*, unsigned int)
                0x000000000001c264                CUSBSerialDevice::CUSBSerialDevice(CUSBFunction*, unsigned int)
                0x000000000001c2c8                CUSBSerialDevice::CompletionRoutine(CUSBRequest*)
                0x000000000001c3c8                CUSBSerialDevice::CompletionStub(CUSBRequest*, void*, void*)
                0x000000000001c3fc                CUSBSerialDevice::Configure()
 .text.startup  0x000000000001c598       0x38 ../../lib/usb/libusb.a(usbserial.o)
 .text          0x000000000001c5d0      0x30c ../../lib/input/libinput.a(keyboardbehaviour.o)
                0x000000000001c5d0                CKeyboardBehaviour::CKeyboardBehaviour()
                0x000000000001c5d0                CKeyboardBehaviour::CKeyboardBehaviour()
                0x000000000001c600                CKeyboardBehaviour::~CKeyboardBehaviour()
                0x000000000001c600                CKeyboardBehaviour::~CKeyboardBehaviour()
                0x000000000001c628                CKeyboardBehaviour::RegisterKeyPressedHandler(void (*)(char const*))
                0x000000000001c654                CKeyboardBehaviour::RegisterSelectConsoleHandler(void (*)(unsigned int))
                0x000000000001c680                CKeyboardBehaviour::RegisterShutdownHandler(void (*)())
                0x000000000001c6ac                CKeyboardBehaviour::GetLEDStatus() const
                0x000000000001c6b4                CKeyboardBehaviour::GenerateKeyEvent(unsigned char)
                0x000000000001c788                CKeyboardBehaviour::KeyPressed(unsigned char)
                0x000000000001c7c0                CKeyboardBehaviour::KeyReleased(unsigned char)
                0x000000000001c828                CKeyboardBehaviour::TimerHandler(unsigned int)
                0x000000000001c8ac                CKeyboardBehaviour::TimerStub(unsigned int, void*, void*)
 .text          0x000000000001c8dc      0x3a0 ../../lib/input/libinput.a(keymap.o)
                0x000000000001c8dc                CKeyMap::~CKeyMap()
                0x000000000001c8dc                CKeyMap::~CKeyMap()
                0x000000000001c8e0                CKeyMap::ClearTable(unsigned char)
                0x000000000001c914                CKeyMap::SetEntry(unsigned char, unsigned char, unsigned short)
                0x000000000001c968                CKeyMap::Translate(unsigned char, unsigned char)
                0x000000000001ca78                CKeyMap::GetString(unsigned short, unsigned char, char*) const
                0x000000000001cb3c                CKeyMap::GetLEDStatus() const
                0x000000000001cb6c                CKeyMap::LookupDefaultMap(char const*)
                0x000000000001cbf0                CKeyMap::CKeyMap()
                0x000000000001cbf0                CKeyMap::CKeyMap()
 .text          0x000000000001cc7c      0x1e0 ../../lib/input/libinput.a(mouse.o)
                0x000000000001cc7c                CMouseDevice::~CMouseDevice()
                0x000000000001cc7c                CMouseDevice::~CMouseDevice()
                0x000000000001ccd8                CMouseDevice::~CMouseDevice()
                0x000000000001ccf8                CMouseDevice::CMouseDevice(unsigned int, bool)
                0x000000000001ccf8                CMouseDevice::CMouseDevice(unsigned int, bool)
                0x000000000001cd74                CMouseDevice::Setup(unsigned int, unsigned int)
                0x000000000001cd7c                CMouseDevice::RegisterEventHandler(void (*)(TMouseEvent, unsigned int, unsigned int, unsigned int, int))
                0x000000000001cd84                CMouseDevice::SetCursor(unsigned int, unsigned int)
                0x000000000001cd8c                CMouseDevice::ShowCursor(bool)
                0x000000000001cd94                CMouseDevice::UpdateCursor()
                0x000000000001cda8                CMouseDevice::RegisterStatusHandler(void (*)(unsigned int, int, int, int))
                0x000000000001cdf0                CMouseDevice::ReportHandler(unsigned int, int, int, int)
                0x000000000001ce4c                CMouseDevice::GetButtonCount() const
                0x000000000001ce54                CMouseDevice::HasWheel() const
 .text.startup  0x000000000001ce5c       0x38 ../../lib/input/libinput.a(mouse.o)
 .text          0x000000000001ce94      0x508 ../../lib/input/libinput.a(mousebehaviour.o)
                0x000000000001ce94                CMouseBehaviour::CMouseBehaviour()
                0x000000000001ce94                CMouseBehaviour::CMouseBehaviour()
                0x000000000001ceb8                CMouseBehaviour::Setup(unsigned int, unsigned int)
                0x000000000001cfd8                CMouseBehaviour::RegisterEventHandler(void (*)(TMouseEvent, unsigned int, unsigned int, unsigned int, int))
                0x000000000001d020                CMouseBehaviour::MouseStatusChanged(unsigned int, int, int, int)
                0x000000000001d1c4                CMouseBehaviour::SetCursorState(unsigned int, unsigned int, bool)
                0x000000000001d23c                CMouseBehaviour::~CMouseBehaviour()
                0x000000000001d23c                CMouseBehaviour::~CMouseBehaviour()
                0x000000000001d274                CMouseBehaviour::SetCursor(unsigned int, unsigned int)
                0x000000000001d304                CMouseBehaviour::ShowCursor(bool)
                0x000000000001d370                CMouseBehaviour::UpdateCursor()
 .text          0x000000000001d39c      0x318 ../../lib/fs/libfs.a(partitionmanager.o)
                0x000000000001d39c                CPartitionManager::CPartitionManager(CDevice*, char const*)
                0x000000000001d39c                CPartitionManager::CPartitionManager(CDevice*, char const*)
                0x000000000001d3cc                CPartitionManager::~CPartitionManager()
                0x000000000001d3cc                CPartitionManager::~CPartitionManager()
                0x000000000001d490                CPartitionManager::Initialize()
 .text          0x000000000001d6b4      0x2c4 ../../lib/fs/libfs.a(partition.o)
                0x000000000001d6b4                CPartition::~CPartition()
                0x000000000001d6b4                CPartition::~CPartition()
                0x000000000001d6dc                CPartition::~CPartition()
                0x000000000001d710                CPartition::Read(void*, unsigned int)
                0x000000000001d7a8                CPartition::Write(void const*, unsigned int)
                0x000000000001d840                CPartition::Seek(unsigned long long)
                0x000000000001d90c                CPartition::CPartition(CDevice*, unsigned int, unsigned int)
                0x000000000001d90c                CPartition::CPartition(CDevice*, unsigned int, unsigned int)
 .text          0x000000000001d978      0x170 ../../lib/libcircle.a(actled.o)
                0x000000000001d978                CActLED::CActLED(bool)
                0x000000000001d978                CActLED::CActLED(bool)
                0x000000000001da10                CActLED::~CActLED()
                0x000000000001da10                CActLED::~CActLED()
                0x000000000001da24                CActLED::On()
                0x000000000001da54                CActLED::Off()
                0x000000000001da8c                CActLED::Blink(unsigned int, unsigned int, unsigned int)
                0x000000000001dad8                CActLED::Get()
 .text          0x000000000001dae8       0x84 ../../lib/libcircle.a(assert.o)
                0x000000000001dae8                assertion_failed
 .text          0x000000000001db6c      0x238 ../../lib/libcircle.a(bcmpropertytags.o)
                0x000000000001db6c                CBcmPropertyTags::CBcmPropertyTags(bool)
                0x000000000001db6c                CBcmPropertyTags::CBcmPropertyTags(bool)
                0x000000000001db88                CBcmPropertyTags::~CBcmPropertyTags()
                0x000000000001db88                CBcmPropertyTags::~CBcmPropertyTags()
                0x000000000001db9c                CBcmPropertyTags::GetTag(unsigned int, void*, unsigned int, unsigned int)
                0x000000000001dc90                CBcmPropertyTags::GetTags(void*, unsigned int)
 .text          0x000000000001dda4      0x304 ../../lib/libcircle.a(classallocator.o)
                0x000000000001dda4                CClassAllocator::~CClassAllocator()
                0x000000000001dda4                CClassAllocator::~CClassAllocator()
                0x000000000001ddcc                CClassAllocator::Init(unsigned int, unsigned int)
                0x000000000001de8c                CClassAllocator::CClassAllocator(unsigned int, unsigned int, char const*)
                0x000000000001de8c                CClassAllocator::CClassAllocator(unsigned int, unsigned int, char const*)
                0x000000000001debc                CClassAllocator::CClassAllocator(unsigned int, unsigned int, unsigned int, char const*)
                0x000000000001debc                CClassAllocator::CClassAllocator(unsigned int, unsigned int, unsigned int, char const*)
                0x000000000001def0                CClassAllocator::Allocate()
                0x000000000001dfdc                CClassAllocator::Free(void*)
 .text          0x000000000001e0a8      0x1a4 ../../lib/libcircle.a(debug.o)
                0x000000000001e0a8                debug_hexdump(void const*, unsigned int, char const*)
                0x000000000001e1bc                debug_stacktrace(unsigned int const*, char const*)
 .text          0x000000000001e24c       0xa8 ../../lib/libcircle.a(device.o)
                0x000000000001e24c                CDevice::~CDevice()
                0x000000000001e24c                CDevice::~CDevice()
                0x000000000001e27c                CDevice::Read(void*, unsigned int)
                0x000000000001e27c                CDevice::Write(void const*, unsigned int)
                0x000000000001e284                CDevice::Seek(unsigned long long)
                0x000000000001e290                CDevice::RemoveDevice()
                0x000000000001e298                CDevice::~CDevice()
                0x000000000001e2d4                CDevice::CDevice()
                0x000000000001e2d4                CDevice::CDevice()
                0x000000000001e2ec                CDevice::RegisterRemovedHandler(void (*)(CDevice*, void*), void*)
 .text          0x000000000001e2f4      0x5c8 ../../lib/libcircle.a(devicenameservice.o)
                0x000000000001e2f4                CDeviceNameService::CDeviceNameService()
                0x000000000001e2f4                CDeviceNameService::CDeviceNameService()
                0x000000000001e338                CDeviceNameService::~CDeviceNameService()
                0x000000000001e338                CDeviceNameService::~CDeviceNameService()
                0x000000000001e390                CDeviceNameService::AddDevice(char const*, CDevice*, bool)
                0x000000000001e444                CDeviceNameService::RemoveDevice(char const*, bool)
                0x000000000001e554                CDeviceNameService::GetDevice(char const*, bool)
                0x000000000001e650                CDeviceNameService::Get()
                0x000000000001e680                CDeviceNameService::AddDevice(char const*, unsigned int, CDevice*, bool)
                0x000000000001e6e8                CDeviceNameService::RemoveDevice(char const*, unsigned int, bool)
                0x000000000001e748                CDeviceNameService::GetDevice(char const*, unsigned int, bool)
                0x000000000001e7b0                CDeviceNameService::ListDevices(CDevice*)
 .text          0x000000000001e8bc      0xc48 ../../lib/libcircle.a(gpiopin.o)
                0x000000000001e8bc                CGPIOPin::CGPIOPin()
                0x000000000001e8bc                CGPIOPin::CGPIOPin()
                0x000000000001e8f8                CGPIOPin::CGPIOPin(unsigned int, TGPIOMode, CGPIOManager*)
                0x000000000001e8f8                CGPIOPin::CGPIOPin(unsigned int, TGPIOMode, CGPIOManager*)
                0x000000000001e950                CGPIOPin::~CGPIOPin()
                0x000000000001e950                CGPIOPin::~CGPIOPin()
                0x000000000001e954                CGPIOPin::~CGPIOPin()
                0x000000000001e96c                CGPIOPin::AssignPin(unsigned int)
                0x000000000001e9f0                CGPIOPin::SetMode(TGPIOMode, bool)
                0x000000000001eb98                CGPIOPin::Write(unsigned int)
                0x000000000001ec2c                CGPIOPin::Read() const
                0x000000000001eca4                CGPIOPin::Invert()
                0x000000000001ecd4                CGPIOPin::ConnectInterrupt(void (*)(void*), void*, bool)
                0x000000000001eda4                CGPIOPin::DisconnectInterrupt()
                0x000000000001ee54                CGPIOPin::EnableInterrupt(TGPIOInterrupt)
                0x000000000001ef4c                CGPIOPin::DisableInterrupt()
                0x000000000001effc                CGPIOPin::EnableInterrupt2(TGPIOInterrupt)
                0x000000000001f104                CGPIOPin::DisableInterrupt2()
                0x000000000001f1b4                CGPIOPin::AcknowledgeInterrupt()
                0x000000000001f218                CGPIOPin::WriteAll(unsigned int, unsigned int)
                0x000000000001f248                CGPIOPin::ReadAll()
                0x000000000001f264                CGPIOPin::SetPullMode(TGPIOPullMode)
                0x000000000001f304                CGPIOPin::SetAlternateFunction(unsigned int)
                0x000000000001f3c8                CGPIOPin::InterruptHandler()
                0x000000000001f44c                CGPIOPin::DisableAllInterrupts(unsigned int)
 .text.startup  0x000000000001f504       0x14 ../../lib/libcircle.a(gpiopin.o)
 .text          0x000000000001f518      0x5b8 ../../lib/libcircle.a(koptions.o)
                0x000000000001f57c                CKernelOptions::~CKernelOptions()
                0x000000000001f57c                CKernelOptions::~CKernelOptions()
                0x000000000001f590                CKernelOptions::GetWidth() const
                0x000000000001f598                CKernelOptions::GetHeight() const
                0x000000000001f5a0                CKernelOptions::GetLogDevice() const
                0x000000000001f5ac                CKernelOptions::GetLogLevel() const
                0x000000000001f5b4                CKernelOptions::GetKeyMap() const
                0x000000000001f5bc                CKernelOptions::GetUSBPowerDelay() const
                0x000000000001f5c4                CKernelOptions::GetUSBFullSpeed() const
                0x000000000001f5cc                CKernelOptions::GetSoundDevice() const
                0x000000000001f5d8                CKernelOptions::GetSoundOption() const
                0x000000000001f5e0                CKernelOptions::GetCPUSpeed() const
                0x000000000001f5e8                CKernelOptions::GetSoCMaxTemp() const
                0x000000000001f5f0                CKernelOptions::Get()
                0x000000000001f600                CKernelOptions::GetToken()
                0x000000000001f680                CKernelOptions::CKernelOptions()
                0x000000000001f680                CKernelOptions::CKernelOptions()
                0x000000000001fa78                CKernelOptions::GetOptionValue(char*)
                0x000000000001fab0                CKernelOptions::GetDecimal(char*)
 .text          0x000000000001fad0      0x838 ../../lib/libcircle.a(logger.o)
                0x000000000001fad0                CLogger::CLogger(unsigned int, CTimer*)
                0x000000000001fad0                CLogger::CLogger(unsigned int, CTimer*)
                0x000000000001fb28                CLogger::~CLogger()
                0x000000000001fb28                CLogger::~CLogger()
                0x000000000001fba4                CLogger::Initialize(CDevice*)
                0x000000000001fbe8                CLogger::SetNewTarget(CDevice*)
                0x000000000001fbf0                CLogger::Write(char const*, TLogSeverity, char const*, ...)
                0x000000000001fc20                CLogger::WriteV(char const*, TLogSeverity, char const*, std::__va_list)
                0x000000000001fe08                CLogger::WriteNoAlloc(char const*, TLogSeverity, char const*)
                0x000000000001fee8                CLogger::Get()
                0x000000000001fef8                CLogger::Write(char const*)
                0x000000000001ffc8                CLogger::Read(void*, unsigned int)
                0x0000000000020090                CLogger::WriteEvent(char const*, TLogSeverity, char const*)
                0x0000000000020214                CLogger::ReadEvent(TLogSeverity*, char*, char*, long*, unsigned int*, int*)
                0x00000000000202f8                CLogger::RegisterEventNotificationHandler(void (*)())
                0x0000000000020300                CLogger::RegisterPanicHandler(void (*)())
 .text          0x0000000000020308      0x814 ../../lib/libcircle.a(machineinfo.o)
                0x0000000000020308                CMachineInfo::CMachineInfo()
                0x0000000000020308                CMachineInfo::CMachineInfo()
                0x0000000000020738                CMachineInfo::~CMachineInfo()
                0x0000000000020738                CMachineInfo::~CMachineInfo()
                0x0000000000020754                CMachineInfo::GetMachineModel() const
                0x000000000002075c                CMachineInfo::GetMachineName() const
                0x0000000000020774                CMachineInfo::GetModelMajor() const
                0x000000000002077c                CMachineInfo::GetModelRevision() const
                0x0000000000020784                CMachineInfo::GetSoCType() const
                0x000000000002078c                CMachineInfo::GetRAMSize() const
                0x0000000000020794                CMachineInfo::GetSoCName() const
                0x00000000000207ac                CMachineInfo::GetRevisionRaw() const
                0x00000000000207b4                CMachineInfo::GetActLEDInfo() const
                0x00000000000207cc                CMachineInfo::GetClockRate(unsigned int) const
                0x0000000000020890                CMachineInfo::GetGPIOPin(TGPIOVirtualPin) const
                0x00000000000208f4                CMachineInfo::GetGPIOClockSourceRate(unsigned int)
                0x0000000000020950                CMachineInfo::GetDevice(TDeviceId) const
                0x0000000000020984                CMachineInfo::ArePWMChannelsSwapped() const
                0x00000000000209a0                CMachineInfo::AllocateDMAChannel(unsigned int)
                0x0000000000020a64                CMachineInfo::FreeDMAChannel(unsigned int)
                0x0000000000020aec                CMachineInfo::Get()
 .text          0x0000000000020b1c      0x418 ../../lib/libcircle.a(ptrlist.o)
                0x0000000000020b1c                CPtrList::CPtrList()
                0x0000000000020b1c                CPtrList::CPtrList()
                0x0000000000020b28                CPtrList::~CPtrList()
                0x0000000000020b28                CPtrList::~CPtrList()
                0x0000000000020b50                CPtrList::GetFirst()
                0x0000000000020b58                CPtrList::GetNext(TPtrListElement*)
                0x0000000000020bac                CPtrList::GetPtr(TPtrListElement*)
                0x0000000000020c00                CPtrList::InsertBefore(TPtrListElement*, void*)
                0x0000000000020ce8                CPtrList::InsertAfter(TPtrListElement*, void*)
                0x0000000000020dcc                CPtrList::Remove(TPtrListElement*)
                0x0000000000020edc                CPtrList::Find(void*)
 .text          0x0000000000020f34      0xa60 ../../lib/libcircle.a(pwmsoundbasedevice.o)
                0x0000000000020f34                CPWMSoundBaseDevice::CPWMSoundBaseDevice(CInterruptSystem*, unsigned int, unsigned int)
                0x0000000000020f34                CPWMSoundBaseDevice::CPWMSoundBaseDevice(CInterruptSystem*, unsigned int, unsigned int)
                0x0000000000021154                CPWMSoundBaseDevice::~CPWMSoundBaseDevice()
                0x0000000000021154                CPWMSoundBaseDevice::~CPWMSoundBaseDevice()
                0x00000000000212ec                CPWMSoundBaseDevice::~CPWMSoundBaseDevice()
                0x000000000002130c                CPWMSoundBaseDevice::GetRangeMin() const
                0x0000000000021314                CPWMSoundBaseDevice::GetRangeMax() const
                0x0000000000021320                CPWMSoundBaseDevice::Start()
                0x0000000000021514                CPWMSoundBaseDevice::Cancel()
                0x0000000000021568                CPWMSoundBaseDevice::IsActive() const
                0x0000000000021578                CPWMSoundBaseDevice::GetNextChunk()
                0x000000000002165c                CPWMSoundBaseDevice::RunPWM()
                0x00000000000216f4                CPWMSoundBaseDevice::StopPWM()
                0x0000000000021734                CPWMSoundBaseDevice::InterruptHandler()
                0x00000000000218c8                CPWMSoundBaseDevice::InterruptStub(void*)
                0x00000000000218f0                CPWMSoundBaseDevice::SetupDMAControlBlock(unsigned int)
 .text          0x0000000000021994     0x1260 ../../lib/libcircle.a(screen.o)
                0x0000000000021994                CScreenDevice::CScreenDevice(unsigned int, unsigned int, bool, unsigned int)
                0x0000000000021994                CScreenDevice::CScreenDevice(unsigned int, unsigned int, bool, unsigned int)
                0x0000000000021a24                CScreenDevice::~CScreenDevice()
                0x0000000000021a24                CScreenDevice::~CScreenDevice()
                0x0000000000021aa4                CScreenDevice::~CScreenDevice()
                0x0000000000021ac4                CScreenDevice::Initialize()
                0x0000000000021c58                CScreenDevice::GetWidth() const
                0x0000000000021c60                CScreenDevice::GetHeight() const
                0x0000000000021c68                CScreenDevice::GetColumns() const
                0x0000000000021c88                CScreenDevice::GetRows() const
                0x0000000000021ca8                CScreenDevice::GetFrameBuffer()
                0x0000000000021cb0                CScreenDevice::GetStatus()
                0x0000000000021d20                CScreenDevice::SetStatus(TScreenStatus const&)
                0x0000000000021e28                CScreenDevice::Write(void const*, unsigned int)
                0x0000000000021ee0                CScreenDevice::Write(char)
                0x00000000000223d4                CScreenDevice::CarriageReturn()
                0x00000000000223e0                CScreenDevice::ClearDisplayEnd()
                0x0000000000022460                CScreenDevice::ClearLineEnd()
                0x00000000000224a8                CScreenDevice::CursorDown()
                0x00000000000224f4                CScreenDevice::CursorHome()
                0x0000000000022504                CScreenDevice::CursorLeft()
                0x0000000000022570                CScreenDevice::CursorMove(unsigned int, unsigned int)
                0x00000000000225d4                CScreenDevice::CursorRight()
                0x0000000000022610                CScreenDevice::CursorUp()
                0x0000000000022640                CScreenDevice::DeleteChars(unsigned int)
                0x0000000000022644                CScreenDevice::DeleteLines(unsigned int)
                0x0000000000022648                CScreenDevice::DisplayChar(char)
                0x0000000000022684                CScreenDevice::EraseChars(unsigned int)
                0x0000000000022690                CScreenDevice::InsertLines(unsigned int)
                0x0000000000022694                CScreenDevice::InsertMode(bool)
                0x000000000002269c                CScreenDevice::NewLine()
                0x00000000000226a8                CScreenDevice::ReverseScroll()
                0x00000000000226ac                CScreenDevice::SetCursorMode(bool)
                0x00000000000226b4                CScreenDevice::SetScrollRegion(unsigned int, unsigned int)
                0x0000000000022738                CScreenDevice::SetStandoutMode(unsigned int)
                0x00000000000227d8                CScreenDevice::Tabulator()
                0x0000000000022824                CScreenDevice::Scroll()
                0x00000000000228f0                CScreenDevice::DisplayChar(char, unsigned int, unsigned int, unsigned short)
                0x0000000000022994                CScreenDevice::EraseChar(unsigned int, unsigned int)
                0x0000000000022a18                CScreenDevice::InvertCursor()
                0x0000000000022a28                CScreenDevice::SetPixel(unsigned int, unsigned int, unsigned short)
                0x0000000000022a54                CScreenDevice::GetPixel(unsigned int, unsigned int)
                0x0000000000022a8c                CScreenDevice::Rotor(unsigned int, unsigned int)
 .text          0x0000000000022bf4      0xf28 ../../lib/libcircle.a(serial.o)
                0x0000000000022bf4                CSerialDevice::CSerialDevice(CInterruptSystem*, bool, unsigned int)
                0x0000000000022bf4                CSerialDevice::CSerialDevice(CInterruptSystem*, bool, unsigned int)
                0x0000000000022dcc                CSerialDevice::~CSerialDevice()
                0x0000000000022dcc                CSerialDevice::~CSerialDevice()