Archive member included to satisfy reference by file (symbol)

../../lib/usb/libusb.a(usbhostcontroller.o)
                              kernel.o (CUSBHostController::UpdatePlugAndPlay())
../../lib/usb/libusb.a(usbkeyboard.o)
                              miniorgan.o (CUSBKeyboardDevice::RegisterKeyStatusHandlerRaw(void (*)(unsigned char, unsigned char const*), bool))
../../lib/usb/libusb.a(usbmidi.o)
                              miniorgan.o (CUSBMIDIDevice::RegisterPacketHandler(void (*)(unsigned int, unsigned char*, unsigned int)))
../../lib/usb/libusb.a(usbrequest.o)
                              ../../lib/usb/libusb.a(usbhostcontroller.o) (CUSBRequest::CUSBRequest(CUSBEndpoint*, void*, unsigned int, TSetupData*))
../../lib/usb/libusb.a(usbstandardhub.o)
                              ../../lib/usb/libusb.a(usbhostcontroller.o) (CUSBStandardHub::HandlePortStatusChange())
../../lib/usb/libusb.a(dwhcidevice.o)
                              kernel.o (CDWHCIDevice::CDWHCIDevice(CInterruptSystem*, CTimer*, bool))
../../lib/usb/libusb.a(dwhciframeschednper.o)
                              ../../lib/usb/libusb.a(dwhcidevice.o) (CDWHCIFrameSchedulerNonPeriodic::InitProtectedAllocator(unsigned int, unsigned int))
../../lib/usb/libusb.a(dwhciframeschednsplit.o)
                              ../../lib/usb/libusb.a(dwhcidevice.o) (CDWHCIFrameSchedulerNoSplit::InitProtectedAllocator(unsigned int, unsigned int))
../../lib/usb/libusb.a(dwhciframeschedper.o)
                              ../../lib/usb/libusb.a(dwhcidevice.o) (CDWHCIFrameSchedulerPeriodic::InitProtectedAllocator(unsigned int, unsigned int))
../../lib/usb/libusb.a(dwhciregister.o)
                              ../../lib/usb/libusb.a(dwhcidevice.o) (CDWHCIRegister::CDWHCIRegister(unsigned int))
../../lib/usb/libusb.a(dwhcirootport.o)
                              ../../lib/usb/libusb.a(dwhcidevice.o) (CDWHCIRootPort::~CDWHCIRootPort())
../../lib/usb/libusb.a(dwhcixactqueue.o)
                              ../../lib/usb/libusb.a(dwhcidevice.o) (CDWHCITransactionQueue::CDWHCITransactionQueue())
../../lib/usb/libusb.a(dwhcixferstagedata.o)
                              ../../lib/usb/libusb.a(dwhcidevice.o) (CDWHCITransferStageData::~CDWHCITransferStageData())
../../lib/usb/libusb.a(usbdevice.o)
                              ../../lib/usb/libusb.a(dwhcirootport.o) (CUSBDevice::CUSBDevice(CUSBHostController*, TUSBSpeed, CUSBHCIRootPort*))
../../lib/usb/libusb.a(usbdevicefactory.o)
                              ../../lib/usb/libusb.a(usbdevice.o) (CUSBDeviceFactory::GetDevice(CUSBFunction*, CString*))
../../lib/usb/libusb.a(usbendpoint.o)
                              ../../lib/usb/libusb.a(usbdevice.o) (CUSBEndpoint::CUSBEndpoint(CUSBDevice*))
../../lib/usb/libusb.a(usbfunction.o)
                              ../../lib/usb/libusb.a(usbkeyboard.o) (CUSBFunction::Initialize())
../../lib/usb/libusb.a(usbgamepadps3.o)
                              ../../lib/usb/libusb.a(usbdevicefactory.o) (CUSBGamePadPS3Device::CUSBGamePadPS3Device(CUSBFunction*))
../../lib/usb/libusb.a(usbgamepadps4.o)
                              ../../lib/usb/libusb.a(usbdevicefactory.o) (CUSBGamePadPS4Device::CUSBGamePadPS4Device(CUSBFunction*))
../../lib/usb/libusb.a(usbgamepadstandard.o)
                              ../../lib/usb/libusb.a(usbgamepadps3.o) (CUSBGamePadStandardDevice::~CUSBGamePadStandardDevice())
../../lib/usb/libusb.a(usbgamepadswitchpro.o)
                              ../../lib/usb/libusb.a(usbdevicefactory.o) (CUSBGamePadSwitchProDevice::CUSBGamePadSwitchProDevice(CUSBFunction*))
../../lib/usb/libusb.a(usbgamepadxbox360.o)
                              ../../lib/usb/libusb.a(usbdevicefactory.o) (CUSBGamePadXbox360Device::CUSBGamePadXbox360Device(CUSBFunction*))
../../lib/usb/libusb.a(usbgamepadxboxone.o)
                              ../../lib/usb/libusb.a(usbdevicefactory.o) (CUSBGamePadXboxOneDevice::CUSBGamePadXboxOneDevice(CUSBFunction*))
../../lib/usb/libusb.a(usbhiddevice.o)
                              ../../lib/usb/libusb.a(usbkeyboard.o) (CUSBHIDDevice::CUSBHIDDevice(CUSBFunction*, unsigned int))
../../lib/usb/libusb.a(usbmassdevice.o)
                              ../../lib/usb/libusb.a(usbdevicefactory.o) (CUSBBulkOnlyMassStorageDevice::CUSBBulkOnlyMassStorageDevice(CUSBFunction*))
../../lib/usb/libusb.a(usbmouse.o)
                              ../../lib/usb/libusb.a(usbdevicefactory.o) (CUSBMouseDevice::CUSBMouseDevice(CUSBFunction*))
../../lib/usb/libusb.a(usbprinter.o)
                              ../../lib/usb/libusb.a(usbdevicefactory.o) (CUSBPrinterDevice::CUSBPrinterDevice(CUSBFunction*))
../../lib/usb/libusb.a(usbserialch341.o)
                              ../../lib/usb/libusb.a(usbdevicefactory.o) (CUSBSerialCH341Device::CUSBSerialCH341Device(CUSBFunction*))
../../lib/usb/libusb.a(usbserialcp2102.o)
                              ../../lib/usb/libusb.a(usbdevicefactory.o) (CUSBSerialCP2102Device::CUSBSerialCP2102Device(CUSBFunction*))
[...]
Memory Configuration

Name             Origin             Length             Attributes
*default*        0x0000000000000000 0xffffffffffffffff

Linker script and memory map

Address of section .init set to 0x8000

.init           0x0000000000008000       0x64
 *(.init)
 .init          0x0000000000008000       0x64 ../../lib/libcircle.a(startup.o)
                0x0000000000008000                _start

.text           0x0000000000008068    0x25080
 *(.text*)
 .text          0x0000000000008068        0x0 main.o
 .text.startup  0x0000000000008068       0x3c main.o
                0x0000000000008068                main
 .text          0x00000000000080a4      0x2a4 kernel.o
                0x00000000000080a4                CKernel::CKernel()
                0x00000000000080a4                CKernel::CKernel()
                0x000000000000819c                CKernel::~CKernel()
                0x000000000000819c                CKernel::~CKernel()
                0x0000000000008218                CKernel::Initialize()
                0x00000000000082a0                CKernel::Run()
 .text          0x0000000000008348      0xda0 miniorgan.o
                0x0000000000008348                CMiniOrgan::CMiniOrgan(CInterruptSystem*)
                0x0000000000008348                CMiniOrgan::CMiniOrgan(CInterruptSystem*)
                0x00000000000085f4                CMiniOrgan::~CMiniOrgan()
                0x00000000000085f4                CMiniOrgan::~CMiniOrgan()
                0x000000000000862c                CMiniOrgan::~CMiniOrgan()
                0x0000000000008674                CMiniOrgan::Initialize()
                0x00000000000086b8                CMiniOrgan::Process(bool)
                0x000000000000886c                CMiniOrgan::GetChunk(unsigned int*, unsigned int)
                0x0000000000008a54                CMiniOrgan::MidiNoteOn(unsigned int, unsigned int)
                0x0000000000008aa0                CMiniOrgan::MidiNoteOff(unsigned int)
                0x0000000000008aec                CMiniOrgan::MidiCtrlChange(unsigned int, unsigned int)
                0x0000000000008c78                CMiniOrgan::MIDIPacketHandler(unsigned int, unsigned char*, unsigned int)
                0x0000000000008da8                CMiniOrgan::KeyStatusHandlerRaw(unsigned char, unsigned char const*)
                0x0000000000008f38                CMiniOrgan::USBDeviceRemovedHandler(CDevice*, void*)
 .text._ZN13VelocityTableD2Ev
                0x00000000000090e8       0x20 miniorgan.o
                0x00000000000090e8                VelocityTable::~VelocityTable()
                0x00000000000090e8                VelocityTable::~VelocityTable()
 .text.startup  0x0000000000009108        0x4 miniorgan.o
 *fill*         0x000000000000910c        0x4 
 .text          0x0000000000009110      0x248 iirfilter.o
                0x0000000000009110                IIRFilter::IIRFilter()
                0x0000000000009110                IIRFilter::IIRFilter()
                0x0000000000009114                IIRFilter::~IIRFilter()
                0x0000000000009114                IIRFilter::~IIRFilter()
                0x0000000000009144                IIRFilter::generateBandPass(double, double, double)
                0x0000000000009238                IIRFilter::processSamples(unsigned int*, unsigned int)
 .text          0x0000000000009358      0x5f4 ../../lib/usb/libusb.a(usbhostcontroller.o)
                0x0000000000009358                CUSBHostController::CUSBHostController(bool)
                0x0000000000009358                CUSBHostController::CUSBHostController(bool)
                0x000000000000939c                CUSBHostController::~CUSBHostController()
                0x000000000000939c                CUSBHostController::~CUSBHostController()
                0x00000000000093cc                CUSBHostController::~CUSBHostController()
                0x0000000000009408                CUSBHostController::ControlMessage(CUSBEndpoint*, unsigned char, unsigned char, unsigned short, unsigned short, void*, unsigned short)
                0x00000000000094d0                CUSBHostController::GetDescriptor(CUSBEndpoint*, unsigned char, unsigned char, void*, unsigned int, unsigned char, unsigned short)
                0x0000000000009508                CUSBHostController::SetAddress(CUSBEndpoint*, unsigned char)
                0x0000000000009554                CUSBHostController::SetConfiguration(CUSBEndpoint*, unsigned char)
                0x00000000000095a0                CUSBHostController::Transfer(CUSBEndpoint*, void*, unsigned int, unsigned int)
                0x0000000000009604                CUSBHostController::IsPlugAndPlay()
                0x0000000000009614                CUSBHostController::UpdatePlugAndPlay()
                0x0000000000009774                CUSBHostController::PortStatusChanged(CUSBHCIRootPort*)
                0x0000000000009848                CUSBHostController::PortStatusChanged(CUSBStandardHub*)
                0x000000000000991c                CUSBHostController::Get()
 .text._ZN18CUSBHostController24CancelDeviceTransactionsEP10CUSBDevice
                0x000000000000994c        0x4 ../../lib/usb/libusb.a(usbhostcontroller.o)
                0x000000000000994c                CUSBHostController::CancelDeviceTransactions(CUSBDevice*)
 .text          0x0000000000009950      0x49c ../../lib/usb/libusb.a(usbkeyboard.o)
                0x0000000000009950                CUSBKeyboardDevice::~CUSBKeyboardDevice()
                0x0000000000009950                CUSBKeyboardDevice::~CUSBKeyboardDevice()
                0x00000000000099b8                CUSBKeyboardDevice::~CUSBKeyboardDevice()
                0x00000000000099dc                CUSBKeyboardDevice::ReportHandler(unsigned char const*, unsigned int)
                0x0000000000009b6c                CUSBKeyboardDevice::CUSBKeyboardDevice(CUSBFunction*)
                0x0000000000009b6c                CUSBKeyboardDevice::CUSBKeyboardDevice(CUSBFunction*)
                0x0000000000009bbc                CUSBKeyboardDevice::RegisterKeyPressedHandler(void (*)(char const*))
                0x0000000000009bc4                CUSBKeyboardDevice::RegisterSelectConsoleHandler(void (*)(unsigned int))
                0x0000000000009bcc                CUSBKeyboardDevice::RegisterShutdownHandler(void (*)())
                0x0000000000009bd4                CUSBKeyboardDevice::GetLEDStatus() const
                0x0000000000009bfc                CUSBKeyboardDevice::RegisterKeyStatusHandlerRaw(void (*)(unsigned char, unsigned char const*), bool)
                0x0000000000009c2c                CUSBKeyboardDevice::SetLEDs(unsigned char)
                0x0000000000009cbc                CUSBKeyboardDevice::Configure()
                0x0000000000009d54                CUSBKeyboardDevice::UpdateLEDs()
                0x0000000000009dc0                CUSBKeyboardDevice::FindByte(unsigned char const*, unsigned char, unsigned int)
 .text.startup  0x0000000000009dec       0x38 ../../lib/usb/libusb.a(usbkeyboard.o)
 .text          0x0000000000009e24      0xbf4 ../../lib/usb/libusb.a(usbmidi.o)
                0x0000000000009e24                CUSBMIDIDevice::~CUSBMIDIDevice()
                0x0000000000009e24                CUSBMIDIDevice::~CUSBMIDIDevice()
                0x0000000000009f14                CUSBMIDIDevice::~CUSBMIDIDevice()
                0x0000000000009f34                CUSBMIDIDevice::CUSBMIDIDevice(CUSBFunction*)
                0x0000000000009f34                CUSBMIDIDevice::CUSBMIDIDevice(CUSBFunction*)
                0x0000000000009f70                CUSBMIDIDevice::RegisterPacketHandler(void (*)(unsigned int, unsigned char*, unsigned int))
                0x0000000000009fb8                CUSBMIDIDevice::SendEventPackets(unsigned char const*, unsigned int)
                0x000000000000a084                CUSBMIDIDevice::SendPlainMIDI(unsigned int, unsigned char const*, unsigned int)
                0x000000000000a488                CUSBMIDIDevice::StartRequest()
                0x000000000000a56c                CUSBMIDIDevice::TimerStub(unsigned int, void*, void*)
                0x000000000000a5cc                CUSBMIDIDevice::CompletionRoutine(CUSBRequest*)
                0x000000000000a760                CUSBMIDIDevice::CompletionStub(CUSBRequest*, void*, void*)
                0x000000000000a794                CUSBMIDIDevice::TimerHandler(unsigned int)
                0x000000000000a7cc                CUSBMIDIDevice::Configure()
 .text.startup  0x000000000000aa18       0x38 ../../lib/usb/libusb.a(usbmidi.o)
 .text          0x000000000000aa50      0x3bc ../../lib/usb/libusb.a(usbrequest.o)
                0x000000000000aa50                CUSBRequest::CUSBRequest(CUSBEndpoint*, void*, unsigned int, TSetupData*)
                0x000000000000aa50                CUSBRequest::CUSBRequest(CUSBEndpoint*, void*, unsigned int, TSetupData*)
                0x000000000000aad8                CUSBRequest::~CUSBRequest()
                0x000000000000aad8                CUSBRequest::~CUSBRequest()
                0x000000000000aadc                CUSBRequest::GetEndpoint() const
                0x000000000000ab04                CUSBRequest::SetStatus(int)
                0x000000000000ab0c                CUSBRequest::SetResultLen(unsigned int)
                0x000000000000ab14                CUSBRequest::SetUSBError(TUSBError)
                0x000000000000ab1c                CUSBRequest::GetStatus() const
                0x000000000000ab24                CUSBRequest::GetResultLength() const
                0x000000000000ab54                CUSBRequest::GetUSBError() const
                0x000000000000ab84                CUSBRequest::GetSetupData()
                0x000000000000abd4                CUSBRequest::GetBuffer()
                0x000000000000ac10                CUSBRequest::GetBufLen() const
                0x000000000000ac18                CUSBRequest::SetCompletionRoutine(void (*)(CUSBRequest*, void*, void*), void*, void*)
                0x000000000000ac44                CUSBRequest::CallCompletionRoutine()
                0x000000000000ac80                CUSBRequest::SetCompleteOnNAK()
                0x000000000000ac8c                CUSBRequest::IsCompleteOnNAK() const
                0x000000000000ac94                CUSBRequest::operator new(unsigned int)
                0x000000000000ace8                CUSBRequest::operator delete(void*, unsigned int)
                0x000000000000ad40                CUSBRequest::InitAllocator(unsigned int)
                0x000000000000ad9c                CUSBRequest::InitProtectedAllocator(unsigned int, unsigned int)
 .text          0x000000000000ae0c     0x1108 ../../lib/usb/libusb.a(usbstandardhub.o)
                0x000000000000ae0c                CUSBStandardHub::~CUSBStandardHub()
                0x000000000000ae0c                CUSBStandardHub::~CUSBStandardHub()
                0x000000000000af28                CUSBStandardHub::~CUSBStandardHub()
                0x000000000000af48                CUSBStandardHub::CUSBStandardHub(CUSBFunction*)
                0x000000000000af48                CUSBStandardHub::CUSBStandardHub(CUSBFunction*)
                0x000000000000afa8                CUSBStandardHub::DisablePort(unsigned int)
                0x000000000000b068                CUSBStandardHub::RemoveDevice(unsigned int)
                0x000000000000b0ac                CUSBStandardHub::StartStatusChangeRequest()
                0x000000000000b194                CUSBStandardHub::CompletionRoutine(CUSBRequest*)
                0x000000000000b23c                CUSBStandardHub::CompletionStub(CUSBRequest*, void*, void*)
                0x000000000000b270                CUSBStandardHub::HandlePortStatusChange()
                0x000000000000b584                CUSBStandardHub::Initialize()
                0x000000000000b6b8                CUSBStandardHub::EnumeratePorts()
                0x000000000000bda4                CUSBStandardHub::ReScanDevices()
                0x000000000000bda8                CUSBStandardHub::Configure()
 .text.startup  0x000000000000bf14       0x38 ../../lib/usb/libusb.a(usbstandardhub.o)
 .text          0x000000000000bf4c     0x2a7c ../../lib/usb/libusb.a(dwhcidevice.o)
                0x000000000000bf4c                CDWHCIDevice::CancelDeviceTransactions(CUSBDevice*)
                0x000000000000bf54                CDWHCIDevice::CompletionRoutine(CUSBRequest*, void*, void*)
                0x000000000000c004                CDWHCIDevice::CDWHCIDevice(CInterruptSystem*, CTimer*, bool)
                0x000000000000c004                CDWHCIDevice::CDWHCIDevice(CInterruptSystem*, CTimer*, bool)
                0x000000000000c0ec                CDWHCIDevice::DeviceConnected()
                0x000000000000c124                CDWHCIDevice::GetPortSpeed()
                0x000000000000c170                CDWHCIDevice::OvercurrentDetected()
                0x000000000000c1ac                CDWHCIDevice::DisableRootPort(bool)
                0x000000000000c220                CDWHCIDevice::PowerOn()
                0x000000000000c28c                CDWHCIDevice::EnableGlobalInterrupts()
                0x000000000000c2d0                CDWHCIDevice::EnableCommonInterrupts()
                0x000000000000c308                CDWHCIDevice::EnableHostInterrupts()
                0x000000000000c384                CDWHCIDevice::EnableChannelInterrupt(unsigned int)
                0x000000000000c408                CDWHCIDevice::DisableChannelInterrupt(unsigned int)
                0x000000000000c48c                CDWHCIDevice::QueueTransaction(CDWHCITransferStageData*)
                0x000000000000c528                CDWHCIDevice::TransferStageAsync(CUSBRequest*, bool, bool, unsigned int)
                0x000000000000c614                CDWHCIDevice::SubmitAsyncRequest(CUSBRequest*, unsigned int)
                0x000000000000c708                CDWHCIDevice::QueueDelayedTransaction(CDWHCITransferStageData*)
                0x000000000000c898                CDWHCIDevice::StartChannel(CDWHCITransferStageData*)
                0x000000000000cc7c                CDWHCIDevice::StartTransaction(CDWHCITransferStageData*)
                0x000000000000cd90                CDWHCIDevice::AllocateChannel()
                0x000000000000cf3c                CDWHCIDevice::SOFInterruptHandler()
                0x000000000000cf4c                CDWHCIDevice::FreeChannel(unsigned int)
                0x000000000000d59c                CDWHCIDevice::ChannelInterruptHandler(unsigned int)
                0x000000000000d5ac                CDWHCIDevice::InterruptHandler()
                0x000000000000d774                CDWHCIDevice::InterruptStub(void*)
                0x000000000000d7a0                CDWHCIDevice::AllocateWaitBlock()
                0x000000000000d814                CDWHCIDevice::FreeWaitBlock(unsigned int)
                0x000000000000d8a0                CDWHCIDevice::TransferStage(CUSBRequest*, bool, bool, unsigned int)
                0x000000000000d9b8                CDWHCIDevice::SubmitBlockingRequest(CUSBRequest*, unsigned int)
                0x000000000000dc34                CDWHCIDevice::WaitForBit(CDWHCIRegister*, unsigned int, bool, unsigned int)
                0x000000000000dd14                CDWHCIDevice::EnableRootPort()
                0x000000000000ddf0                CDWHCIDevice::Reset()
                0x000000000000de90                CDWHCIDevice::InitCore()
                0x000000000000e0fc                CDWHCIDevice::FlushTxFIFO(unsigned int)
                0x000000000000e188                CDWHCIDevice::FlushRxFIFO()
                0x000000000000e1f8                CDWHCIDevice::InitHost()
                0x000000000000e400                CDWHCIDevice::DumpRegister(char const*, unsigned int)
                0x000000000000e460                CDWHCIDevice::DumpStatus(unsigned int)
                0x000000000000e608                CDWHCIDevice::~CDWHCIDevice()
                0x000000000000e608                CDWHCIDevice::~CDWHCIDevice()
                0x000000000000e6f4                CDWHCIDevice::~CDWHCIDevice()
                0x000000000000e714                CDWHCIDevice::ReScanDevices()
                0x000000000000e7a4                CDWHCIDevice::Initialize(bool)
 .text          0x000000000000e9c8      0x414 ../../lib/usb/libusb.a(dwhciframeschednper.o)
                0x000000000000e9c8                CDWHCIFrameSchedulerNonPeriodic::~CDWHCIFrameSchedulerNonPeriodic()
                0x000000000000e9c8                CDWHCIFrameSchedulerNonPeriodic::~CDWHCIFrameSchedulerNonPeriodic()
                0x000000000000e9cc                CDWHCIFrameSchedulerNonPeriodic::StartSplit()
                0x000000000000e9e8                CDWHCIFrameSchedulerNonPeriodic::IsOddFrame() const
                0x000000000000e9f0                CDWHCIFrameSchedulerNonPeriodic::PeriodicDelay(unsigned short)
                0x000000000000ea0c                CDWHCIFrameSchedulerNonPeriodic::CompleteSplit()
                0x000000000000ea80                CDWHCIFrameSchedulerNonPeriodic::TransactionComplete(unsigned int)
                0x000000000000eb94                CDWHCIFrameSchedulerNonPeriodic::GetFrameNumber()
                0x000000000000ebfc                CDWHCIFrameSchedulerNonPeriodic::CDWHCIFrameSchedulerNonPeriodic()
                0x000000000000ebfc                CDWHCIFrameSchedulerNonPeriodic::CDWHCIFrameSchedulerNonPeriodic()
                0x000000000000ec4c                CDWHCIFrameSchedulerNonPeriodic::operator new(unsigned int)
                0x000000000000eca0                CDWHCIFrameSchedulerNonPeriodic::operator delete(void*, unsigned int)
                0x000000000000ecf8                CDWHCIFrameSchedulerNonPeriodic::~CDWHCIFrameSchedulerNonPeriodic()
                0x000000000000ed10                CDWHCIFrameSchedulerNonPeriodic::InitAllocator(unsigned int)
                0x000000000000ed6c                CDWHCIFrameSchedulerNonPeriodic::InitProtectedAllocator(unsigned int, unsigned int)
 .text          0x000000000000eddc      0x274 ../../lib/usb/libusb.a(dwhciframeschednsplit.o)
                0x000000000000eddc                CDWHCIFrameSchedulerNoSplit::~CDWHCIFrameSchedulerNoSplit()
                0x000000000000eddc                CDWHCIFrameSchedulerNoSplit::~CDWHCIFrameSchedulerNoSplit()
                0x000000000000ede0                CDWHCIFrameSchedulerNoSplit::IsOddFrame() const
                0x000000000000edec                CDWHCIFrameSchedulerNoSplit::StartSplit()
                0x000000000000ee08                CDWHCIFrameSchedulerNoSplit::CompleteSplit()
                0x000000000000ee24                CDWHCIFrameSchedulerNoSplit::TransactionComplete(unsigned int)
                0x000000000000ee40                CDWHCIFrameSchedulerNoSplit::PeriodicDelay(unsigned short)
                0x000000000000ee5c                CDWHCIFrameSchedulerNoSplit::GetFrameNumber()
                0x000000000000eea4                CDWHCIFrameSchedulerNoSplit::CDWHCIFrameSchedulerNoSplit(bool)
                0x000000000000eea4                CDWHCIFrameSchedulerNoSplit::CDWHCIFrameSchedulerNoSplit(bool)
                0x000000000000eec0                CDWHCIFrameSchedulerNoSplit::operator new(unsigned int)
                0x000000000000ef14                CDWHCIFrameSchedulerNoSplit::operator delete(void*, unsigned int)
                0x000000000000ef6c                CDWHCIFrameSchedulerNoSplit::~CDWHCIFrameSchedulerNoSplit()
                0x000000000000ef84                CDWHCIFrameSchedulerNoSplit::InitAllocator(unsigned int)
                0x000000000000efe0                CDWHCIFrameSchedulerNoSplit::InitProtectedAllocator(unsigned int, unsigned int)
 .text          0x000000000000f050      0x458 ../../lib/usb/libusb.a(dwhciframeschedper.o)
                0x000000000000f050                CDWHCIFrameSchedulerPeriodic::~CDWHCIFrameSchedulerPeriodic()
                0x000000000000f050                CDWHCIFrameSchedulerPeriodic::~CDWHCIFrameSchedulerPeriodic()
                0x000000000000f054                CDWHCIFrameSchedulerPeriodic::StartSplit()
                0x000000000000f074                CDWHCIFrameSchedulerPeriodic::PeriodicDelay(unsigned short)
                0x000000000000f08c                CDWHCIFrameSchedulerPeriodic::IsOddFrame() const
                0x000000000000f098                CDWHCIFrameSchedulerPeriodic::CompleteSplit()
                0x000000000000f13c                CDWHCIFrameSchedulerPeriodic::TransactionComplete(unsigned int)
                0x000000000000f234                CDWHCIFrameSchedulerPeriodic::GetFrameNumber()
                0x000000000000f2c4                CDWHCIFrameSchedulerPeriodic::CDWHCIFrameSchedulerPeriodic()
                0x000000000000f2c4                CDWHCIFrameSchedulerPeriodic::CDWHCIFrameSchedulerPeriodic()
                0x000000000000f318                CDWHCIFrameSchedulerPeriodic::operator new(unsigned int)
                0x000000000000f36c                CDWHCIFrameSchedulerPeriodic::operator delete(void*, unsigned int)
                0x000000000000f3c4                CDWHCIFrameSchedulerPeriodic::~CDWHCIFrameSchedulerPeriodic()
                0x000000000000f3dc                CDWHCIFrameSchedulerPeriodic::InitAllocator(unsigned int)
                0x000000000000f438                CDWHCIFrameSchedulerPeriodic::InitProtectedAllocator(unsigned int, unsigned int)
 .text          0x000000000000f4a8      0x2c0 ../../lib/usb/libusb.a(dwhciregister.o)
                0x000000000000f4a8                CDWHCIRegister::CDWHCIRegister(unsigned int)
                0x000000000000f4a8                CDWHCIRegister::CDWHCIRegister(unsigned int)
                0x000000000000f4b8                CDWHCIRegister::CDWHCIRegister(unsigned int, unsigned int)
                0x000000000000f4b8                CDWHCIRegister::CDWHCIRegister(unsigned int, unsigned int)
                0x000000000000f4c8                CDWHCIRegister::~CDWHCIRegister()
                0x000000000000f4c8                CDWHCIRegister::~CDWHCIRegister()
                0x000000000000f4cc                CDWHCIRegister::Read()
                0x000000000000f4e8                CDWHCIRegister::Write()
                0x000000000000f520                CDWHCIRegister::Get() const
                0x000000000000f550                CDWHCIRegister::Set(unsigned int)
                0x000000000000f560                CDWHCIRegister::IsSet(unsigned int) const
                0x000000000000f59c                CDWHCIRegister::And(unsigned int)
                0x000000000000f5d4                CDWHCIRegister::Or(unsigned int)
                0x000000000000f60c                CDWHCIRegister::ClearBit(unsigned int)
                0x000000000000f664                CDWHCIRegister::SetBit(unsigned int)
                0x000000000000f6bc                CDWHCIRegister::ClearAll()
                0x000000000000f6d0                CDWHCIRegister::SetAll()
                0x000000000000f6e4                CDWHCIRegister::Dump() const
 .text          0x000000000000f768      0x334 ../../lib/usb/libusb.a(dwhcirootport.o)
                0x000000000000f768                CDWHCIRootPort::~CDWHCIRootPort()
                0x000000000000f768                CDWHCIRootPort::~CDWHCIRootPort()
                0x000000000000f79c                CDWHCIRootPort::~CDWHCIRootPort()
                0x000000000000f7dc                CDWHCIRootPort::RemoveDevice()
                0x000000000000f838                CDWHCIRootPort::ReScanDevices()
                0x000000000000f878                CDWHCIRootPort::HandlePortStatusChange()
                0x000000000000f8e4                CDWHCIRootPort::CDWHCIRootPort(CDWHCIDevice*)
                0x000000000000f8e4                CDWHCIRootPort::CDWHCIRootPort(CDWHCIDevice*)
                0x000000000000f920                CDWHCIRootPort::Initialize()
 .text          0x000000000000fa9c      0x568 ../../lib/usb/libusb.a(dwhcixactqueue.o)
                0x000000000000fa9c                CDWHCITransactionQueue::CDWHCITransactionQueue()
                0x000000000000fa9c                CDWHCITransactionQueue::CDWHCITransactionQueue()
                0x000000000000fab8                CDWHCITransactionQueue::Flush()
                0x000000000000fbe0                CDWHCITransactionQueue::~CDWHCITransactionQueue()
                0x000000000000fbe0                CDWHCITransactionQueue::~CDWHCITransactionQueue()
                0x000000000000fbfc                CDWHCITransactionQueue::FlushDevice(CUSBDevice*)
                0x000000000000fd70                CDWHCITransactionQueue::Enqueue(CDWHCITransferStageData*, unsigned short)
                0x000000000000fed8                CDWHCITransactionQueue::Dequeue(unsigned short)
 .text          0x0000000000010004      0xb30 ../../lib/usb/libusb.a(dwhcixferstagedata.o)
                0x0000000000010004                CDWHCITransferStageData::~CDWHCITransferStageData()
                0x0000000000010004                CDWHCITransferStageData::~CDWHCITransferStageData()
                0x0000000000010048                CDWHCITransferStageData::SetChannelNumber(unsigned int)
                0x0000000000010050                CDWHCITransferStageData::TransactionComplete(unsigned int, unsigned int, unsigned int)
                0x00000000000101f0                CDWHCITransferStageData::SetSplitComplete(bool)
                0x0000000000010220                CDWHCITransferStageData::SetState(unsigned int)
                0x0000000000010228                CDWHCITransferStageData::GetState() const
                0x0000000000010230                CDWHCITransferStageData::SetSubState(unsigned int)
                0x0000000000010238                CDWHCITransferStageData::GetSubState() const
                0x0000000000010240                CDWHCITransferStageData::BeginSplitCycle()
                0x0000000000010248                CDWHCITransferStageData::GetChannelNumber() const
                0x0000000000010250                CDWHCITransferStageData::IsPeriodic() const
                0x0000000000010294                CDWHCITransferStageData::CDWHCITransferStageData(unsigned int, CUSBRequest*, bool, bool, unsigned int)
                0x0000000000010294                CDWHCITransferStageData::CDWHCITransferStageData(unsigned int, CUSBRequest*, bool, bool, unsigned int)
                0x00000000000105b0                CDWHCITransferStageData::GetDeviceAddress() const
                0x00000000000105e0                CDWHCITransferStageData::GetEndpointType() const
                0x0000000000010640                CDWHCITransferStageData::GetEndpointNumber() const
                0x0000000000010670                CDWHCITransferStageData::GetMaxPacketSize() const
                0x0000000000010678                CDWHCITransferStageData::GetSpeed() const
                0x0000000000010680                CDWHCITransferStageData::GetPID() const
                0x00000000000106ec                CDWHCITransferStageData::IsDirectionIn() const
                0x00000000000106f4                CDWHCITransferStageData::IsStatusStage() const
                0x00000000000106fc                CDWHCITransferStageData::GetDMAAddress() const
                0x0000000000010728                CDWHCITransferStageData::GetBytesToTransfer() const
                0x0000000000010730                CDWHCITransferStageData::GetPacketsToTransfer() const
                0x0000000000010738                CDWHCITransferStageData::IsSplit() const
                0x0000000000010740                CDWHCITransferStageData::IsSplitComplete() const
                0x0000000000010774                CDWHCITransferStageData::GetHubAddress() const
                0x00000000000107c8                CDWHCITransferStageData::GetHubPortAddress() const
                0x000000000001081c                CDWHCITransferStageData::GetSplitPosition() const
                0x0000000000010824                CDWHCITransferStageData::GetStatusMask() const
                0x0000000000010858                CDWHCITransferStageData::GetTransactionStatus() const
                0x0000000000010884                CDWHCITransferStageData::GetUSBError() const
                0x00000000000108e8                CDWHCITransferStageData::IsStageComplete() const
                0x00000000000108f8                CDWHCITransferStageData::GetResultLen() const
                0x000000000001090c                CDWHCITransferStageData::IsTimeout() const
                0x000000000001094c                CDWHCITransferStageData::GetURB() const
                0x0000000000010978                CDWHCITransferStageData::GetDevice() const
                0x00000000000109a4                CDWHCITransferStageData::GetFrameScheduler() const
                0x00000000000109ac                CDWHCITransferStageData::operator new(unsigned int)
                0x0000000000010a04                CDWHCITransferStageData::operator delete(void*, unsigned int)
                0x0000000000010a60                CDWHCITransferStageData::InitAllocator(unsigned int)
                0x0000000000010ac0                CDWHCITransferStageData::InitProtectedAllocator(unsigned int, unsigned int)
 .text          0x0000000000010b34     0x1078 ../../lib/usb/libusb.a(usbdevice.o)
                0x0000000000010b34                CUSBDevice::CUSBDevice(CUSBHostController*, TUSBSpeed, CUSBHCIRootPort*)
                0x0000000000010b34                CUSBDevice::CUSBDevice(CUSBHostController*, TUSBSpeed, CUSBHCIRootPort*)
                0x0000000000010bf0                CUSBDevice::CUSBDevice(CUSBHostController*, TUSBSpeed, CUSBStandardHub*, unsigned int)
                0x0000000000010bf0                CUSBDevice::CUSBDevice(CUSBHostController*, TUSBSpeed, CUSBStandardHub*, unsigned int)
                0x0000000000010d50                CUSBDevice::ReScanDevices()
                0x0000000000010d90                CUSBDevice::RemoveDevice()
                0x0000000000010de0                CUSBDevice::GetName(TDeviceNameSelector) const
                0x0000000000010ef4                CUSBDevice::GetNames() const
                0x0000000000010fe4                CUSBDevice::SetAddress(unsigned char)
                0x0000000000011014                CUSBDevice::GetAddress() const
                0x000000000001101c                CUSBDevice::GetSpeed() const
                0x0000000000011024                CUSBDevice::IsSplit() const
                0x000000000001102c                CUSBDevice::GetHubAddress() const
                0x0000000000011034                CUSBDevice::GetHubPortNumber() const
                0x000000000001103c                CUSBDevice::GetTTHubDevice() const
                0x0000000000011044                CUSBDevice::GetEndpoint0() const
                0x000000000001106c                CUSBDevice::GetHost() const
                0x0000000000011098                CUSBDevice::GetDeviceDescriptor() const
                0x00000000000110c0                CUSBDevice::GetConfigurationDescriptor() const
                0x00000000000110ec                CUSBDevice::GetDescriptor(unsigned char)
                0x0000000000011118                CUSBDevice::ConfigurationError(char const*) const
                0x0000000000011148                CUSBDevice::LogWrite(TLogSeverity, char const*, ...)
                0x00000000000111f8                CUSBDevice::~CUSBDevice()
                0x00000000000111f8                CUSBDevice::~CUSBDevice()
                0x0000000000011384                CUSBDevice::~CUSBDevice()
                0x00000000000113a4                CUSBDevice::Initialize()
                0x0000000000011ab8                CUSBDevice::Configure()
 .text.startup  0x0000000000011bac       0x38 ../../lib/usb/libusb.a(usbdevice.o)
 .text          0x0000000000011be4      0x5ec ../../lib/usb/libusb.a(usbdevicefactory.o)
                0x0000000000011be4                CUSBDeviceFactory::FindDeviceID(CString*, TUSBDeviceID const*)
                0x0000000000011c78                CUSBDeviceFactory::GetDevice(CUSBFunction*, CString*)
 .text          0x00000000000121d0      0x364 ../../lib/usb/libusb.a(usbendpoint.o)
                0x00000000000121d0                CUSBEndpoint::CUSBEndpoint(CUSBDevice*)
                0x00000000000121d0                CUSBEndpoint::CUSBEndpoint(CUSBDevice*)
                0x0000000000012218                CUSBEndpoint::CUSBEndpoint(CUSBDevice*, TUSBEndpointDescriptor const*)
                0x0000000000012218                CUSBEndpoint::CUSBEndpoint(CUSBDevice*, TUSBEndpointDescriptor const*)
                0x0000000000012390                CUSBEndpoint::~CUSBEndpoint()
                0x0000000000012390                CUSBEndpoint::~CUSBEndpoint()
                0x0000000000012394                CUSBEndpoint::GetDevice() const
                0x00000000000123bc                CUSBEndpoint::GetNumber() const
                0x00000000000123c4                CUSBEndpoint::GetType() const
                0x00000000000123cc                CUSBEndpoint::IsDirectionIn() const
                0x00000000000123d4                CUSBEndpoint::SetMaxPacketSize(unsigned int)
                0x00000000000123e4                CUSBEndpoint::GetMaxPacketSize() const
                0x00000000000123ec                CUSBEndpoint::GetInterval() const
                0x000000000001241c                CUSBEndpoint::GetNextPID(bool)
                0x000000000001245c                CUSBEndpoint::SkipPID(unsigned int, bool)
                0x0000000000012504                CUSBEndpoint::ResetPID()
 .text          0x0000000000012534      0x660 ../../lib/usb/libusb.a(usbfunction.o)
                0x0000000000012534                CUSBFunction::Initialize()
                0x000000000001253c                CUSBFunction::ReScanDevices()
                0x0000000000012544                CUSBFunction::~CUSBFunction()
                0x0000000000012544                CUSBFunction::~CUSBFunction()
                0x000000000001259c                CUSBFunction::~CUSBFunction()
                0x00000000000125bc                CUSBFunction::RemoveDevice()
                0x00000000000125e8                CUSBFunction::Configure()
                0x00000000000126dc                CUSBFunction::CUSBFunction(CUSBDevice*, CUSBConfigurationParser*)
                0x00000000000126dc                CUSBFunction::CUSBFunction(CUSBDevice*, CUSBConfigurationParser*)
                0x0000000000012790                CUSBFunction::CUSBFunction(CUSBFunction*)
                0x0000000000012790                CUSBFunction::CUSBFunction(CUSBFunction*)
                0x0000000000012868                CUSBFunction::GetInterfaceName() const
                0x00000000000128e0                CUSBFunction::GetNumEndpoints() const
                0x0000000000012910                CUSBFunction::GetDevice() const
                0x0000000000012938                CUSBFunction::GetEndpoint0() const
                0x0000000000012964                CUSBFunction::GetHost() const
                0x0000000000012990                CUSBFunction::GetDescriptor(unsigned char)
                0x00000000000129bc                CUSBFunction::ConfigurationError(char const*) const
                0x0000000000012a08                CUSBFunction::SelectInterfaceByClass(unsigned char, unsigned char, unsigned char)
                0x0000000000012ad4                CUSBFunction::GetInterfaceNumber() const
                0x0000000000012b04                CUSBFunction::GetInterfaceClass() const
                0x0000000000012b34                CUSBFunction::GetInterfaceSubClass() const
                0x0000000000012b64                CUSBFunction::GetInterfaceProtocol() const
 .text          0x0000000000012b94      0x56c ../../lib/usb/libusb.a(usbgamepadps3.o)
                0x0000000000012b94                CUSBGamePadPS3Device::~CUSBGamePadPS3Device()
                0x0000000000012b94                CUSBGamePadPS3Device::~CUSBGamePadPS3Device()
                0x0000000000012bb4                CUSBGamePadPS3Device::~CUSBGamePadPS3Device()
                0x0000000000012be0                CUSBGamePadPS3Device::SetRumbleMode(TGamePadRumbleMode)
                0x0000000000012cdc                CUSBGamePadPS3Device::SetLEDMode(TGamePadLEDMode)
                0x0000000000012d6c                CUSBGamePadPS3Device::CUSBGamePadPS3Device(CUSBFunction*)
                0x0000000000012d6c                CUSBGamePadPS3Device::CUSBGamePadPS3Device(CUSBFunction*)
                0x0000000000012dbc                CUSBGamePadPS3Device::PS3Enable()
                0x0000000000012e78                CUSBGamePadPS3Device::Configure()
                0x0000000000012f94                CUSBGamePadPS3Device::DecodeReport(unsigned char const*)
 .text._ZN17CUSBGamePadDevice10SetLEDModeEjhh
                0x0000000000013100        0x8 ../../lib/usb/libusb.a(usbgamepadps3.o)
                0x0000000000013100                CUSBGamePadDevice::SetLEDMode(unsigned int, unsigned char, unsigned char)
 .text._ZN20CUSBGamePadPS3Device13GetPropertiesEv
                0x0000000000013108        0x8 ../../lib/usb/libusb.a(usbgamepadps3.o)
                0x0000000000013108                CUSBGamePadPS3Device::GetProperties()
 .text          0x0000000000013110      0x7f0 ../../lib/usb/libusb.a(usbgamepadps4.o)
                0x0000000000013110                CUSBGamePadPS4Device::DecodeReport(unsigned char const*)
                0x00000000000132c0                CUSBGamePadPS4Device::~CUSBGamePadPS4Device()
                0x00000000000132c0                CUSBGamePadPS4Device::~CUSBGamePadPS4Device()
                0x000000000001330c                CUSBGamePadPS4Device::~CUSBGamePadPS4Device()
                0x000000000001332c                CUSBGamePadPS4Device::CUSBGamePadPS4Device(CUSBFunction*)
                0x000000000001332c                CUSBGamePadPS4Device::CUSBGamePadPS4Device(CUSBFunction*)
                0x0000000000013378                CUSBGamePadPS4Device::HandleTouchpad(unsigned char const*)
                0x0000000000013510                CUSBGamePadPS4Device::ReportHandler(unsigned char const*, unsigned int)
                0x000000000001357c                CUSBGamePadPS4Device::SendLedRumbleCommand()
                0x0000000000013624                CUSBGamePadPS4Device::SetLEDMode(TGamePadLEDMode)
                0x0000000000013704                CUSBGamePadPS4Device::SetLEDMode(unsigned int, unsigned char, unsigned char)
                0x000000000001372c                CUSBGamePadPS4Device::SetRumbleMode(TGamePadRumbleMode)
                0x0000000000013790                CUSBGamePadPS4Device::DisableTouchpad()
                0x00000000000137a4                CUSBGamePadPS4Device::Configure()
 .text._ZN20CUSBGamePadPS4Device13GetPropertiesEv
                0x0000000000013900        0x8 ../../lib/usb/libusb.a(usbgamepadps4.o)
                0x0000000000013900                CUSBGamePadPS4Device::GetProperties()
 .text          0x0000000000013908      0x790 ../../lib/usb/libusb.a(usbgamepadstandard.o)
                0x0000000000013908                CUSBGamePadStandardDevice::~CUSBGamePadStandardDevice()
                0x0000000000013908                CUSBGamePadStandardDevice::~CUSBGamePadStandardDevice()
                0x0000000000013944                CUSBGamePadStandardDevice::~CUSBGamePadStandardDevice()
                0x0000000000013964                CUSBGamePadStandardDevice::CUSBGamePadStandardDevice(CUSBFunction*, bool)
                0x0000000000013964                CUSBGamePadStandardDevice::CUSBGamePadStandardDevice(CUSBFunction*, bool)
                0x000000000001399c                CUSBGamePadStandardDevice::BitGetUnsigned(void const*, unsigned int, unsigned int)
                0x0000000000013a9c                CUSBGamePadStandardDevice::BitGetSigned(void const*, unsigned int, unsigned int)
                0x0000000000013ac4                CUSBGamePadStandardDevice::DecodeReport(unsigned char const*)
                0x0000000000013ee8                CUSBGamePadStandardDevice::Configure()
 .text._ZN17CUSBGamePadDevice13GetPropertiesEv
                0x0000000000014098        0x8 ../../lib/usb/libusb.a(usbgamepadstandard.o)
                0x0000000000014098                CUSBGamePadDevice::GetProperties()
 .text._ZN17CUSBGamePadDevice10SetLEDModeE15TGamePadLEDMode
                0x00000000000140a0        0x8 ../../lib/usb/libusb.a(usbgamepadstandard.o)
                0x00000000000140a0                CUSBGamePadDevice::SetLEDMode(TGamePadLEDMode)
 .text._ZN17CUSBGamePadDevice13SetRumbleModeE18TGamePadRumbleMode
                0x00000000000140a8        0x8 ../../lib/usb/libusb.a(usbgamepadstandard.o)
                0x00000000000140a8                CUSBGamePadDevice::SetRumbleMode(TGamePadRumbleMode)
 .text          0x00000000000140b0      0x770 ../../lib/usb/libusb.a(usbgamepadswitchpro.o)
                0x00000000000140b0                CUSBGamePadSwitchProDevice::~CUSBGamePadSwitchProDevice()
                0x00000000000140b0                CUSBGamePadSwitchProDevice::~CUSBGamePadSwitchProDevice()
                0x00000000000140d0                CUSBGamePadSwitchProDevice::~CUSBGamePadSwitchProDevice()
                0x00000000000140fc                CUSBGamePadSwitchProDevice::DecodeReport(unsigned char const*)
                0x00000000000142fc                CUSBGamePadSwitchProDevice::SetLEDMode(TGamePadLEDMode)
                0x00000000000143a8                CUSBGamePadSwitchProDevice::SetRumbleMode(TGamePadRumbleMode)
                0x0000000000014494                CUSBGamePadSwitchProDevice::CUSBGamePadSwitchProDevice(CUSBFunction*)
                0x0000000000014494                CUSBGamePadSwitchProDevice::CUSBGamePadSwitchProDevice(CUSBFunction*)
                0x00000000000144d4                CUSBGamePadSwitchProDevice::Configure()
 .text._ZN26CUSBGamePadSwitchProDevice13GetPropertiesEv
                0x0000000000014820        0x8 ../../lib/usb/libusb.a(usbgamepadswitchpro.o)
                0x0000000000014820                CUSBGamePadSwitchProDevice::GetProperties()
 .text          0x0000000000014828      0x3c0 ../../lib/usb/libusb.a(usbgamepadxbox360.o)
                0x0000000000014828                CUSBGamePadXbox360Device::~CUSBGamePadXbox360Device()
                0x0000000000014828                CUSBGamePadXbox360Device::~CUSBGamePadXbox360Device()
                0x0000000000014848                CUSBGamePadXbox360Device::~CUSBGamePadXbox360Device()
                0x0000000000014874                CUSBGamePadXbox360Device::ReportHandler(unsigned char const*, unsigned int)
                0x00000000000148e4                CUSBGamePadXbox360Device::DecodeReport(unsigned char const*)
                0x0000000000014a20                CUSBGamePadXbox360Device::SetLEDMode(TGamePadLEDMode)
                0x0000000000014a78                CUSBGamePadXbox360Device::SetRumbleMode(TGamePadRumbleMode)
                0x0000000000014b08                CUSBGamePadXbox360Device::CUSBGamePadXbox360Device(CUSBFunction*)
                0x0000000000014b08                CUSBGamePadXbox360Device::CUSBGamePadXbox360Device(CUSBFunction*)
                0x0000000000014b28                CUSBGamePadXbox360Device::Configure()
 .text._ZN24CUSBGamePadXbox360Device13GetPropertiesEv
                0x0000000000014be8        0x8 ../../lib/usb/libusb.a(usbgamepadxbox360.o)
                0x0000000000014be8                CUSBGamePadXbox360Device::GetProperties()
 .text          0x0000000000014bf0      0x508 ../../lib/usb/libusb.a(usbgamepadxboxone.o)
                0x0000000000014bf0                CUSBGamePadXboxOneDevice::DecodeReport(unsigned char const*)
                0x0000000000014da0                CUSBGamePadXboxOneDevice::~CUSBGamePadXboxOneDevice()
                0x0000000000014da0                CUSBGamePadXboxOneDevice::~CUSBGamePadXboxOneDevice()
                0x0000000000014dc0                CUSBGamePadXboxOneDevice::~CUSBGamePadXboxOneDevice()
                0x0000000000014dec                CUSBGamePadXboxOneDevice::ReportHandler(unsigned char const*, unsigned int)
                0x0000000000014ef4                CUSBGamePadXboxOneDevice::SetRumbleMode(TGamePadRumbleMode)
                0x0000000000014fac                CUSBGamePadXboxOneDevice::CUSBGamePadXboxOneDevice(CUSBFunction*)
                0x0000000000014fac                CUSBGamePadXboxOneDevice::CUSBGamePadXboxOneDevice(CUSBFunction*)
                0x0000000000014fd4                CUSBGamePadXboxOneDevice::Configure()
 .text._ZN24CUSBGamePadXboxOneDevice13GetPropertiesEv
                0x00000000000150f8        0x8 ../../lib/usb/libusb.a(usbgamepadxboxone.o)
                0x00000000000150f8                CUSBGamePadXboxOneDevice::GetProperties()
 .text          0x0000000000015100      0x81c ../../lib/usb/libusb.a(usbhiddevice.o)
                0x0000000000015100                CUSBHIDDevice::SendCompletionRoutine(CUSBRequest*, void*, void*)
                0x0000000000015190                CUSBHIDDevice::CUSBHIDDevice(CUSBFunction*, unsigned int)
                0x0000000000015190                CUSBHIDDevice::CUSBHIDDevice(CUSBFunction*, unsigned int)
                0x00000000000151e4                CUSBHIDDevice::~CUSBHIDDevice()
                0x00000000000151e4                CUSBHIDDevice::~CUSBHIDDevice()
                0x0000000000015270                CUSBHIDDevice::~CUSBHIDDevice()
                0x0000000000015290                CUSBHIDDevice::Configure(unsigned int)
                0x0000000000015510                CUSBHIDDevice::SendToEndpointOut(void const*, unsigned int, unsigned int)
                0x00000000000155a0                CUSBHIDDevice::SendToEndpointOutAsync(void const*, unsigned int, unsigned int)
                0x0000000000015680                CUSBHIDDevice::ReceiveFromEndpointIn(void*, unsigned int, unsigned int)
                0x0000000000015714                CUSBHIDDevice::StartRequest()
                0x00000000000157e4                CUSBHIDDevice::CompletionRoutine(CUSBRequest*)
                0x00000000000158ec                CUSBHIDDevice::CompletionStub(CUSBRequest*, void*, void*)
 .text          0x000000000001591c      0xdc0 ../../lib/usb/libusb.a(usbmassdevice.o)
                0x000000000001591c                CUSBBulkOnlyMassStorageDevice::CUSBBulkOnlyMassStorageDevice(CUSBFunction*)
                0x000000000001591c                CUSBBulkOnlyMassStorageDevice::CUSBBulkOnlyMassStorageDevice(CUSBFunction*)
                0x0000000000015964                CUSBBulkOnlyMassStorageDevice::~CUSBBulkOnlyMassStorageDevice()
                0x0000000000015964                CUSBBulkOnlyMassStorageDevice::~CUSBBulkOnlyMassStorageDevice()
                0x0000000000015a3c                CUSBBulkOnlyMassStorageDevice::~CUSBBulkOnlyMassStorageDevice()
                0x0000000000015a5c                CUSBBulkOnlyMassStorageDevice::Configure()
                0x0000000000015f00                CUSBBulkOnlyMassStorageDevice::Read(void*, unsigned int)
                0x0000000000015f68                CUSBBulkOnlyMassStorageDevice::Write(void const*, unsigned int)
                0x0000000000015fd0                CUSBBulkOnlyMassStorageDevice::Seek(unsigned long long)
                0x0000000000015fe0                CUSBBulkOnlyMassStorageDevice::GetCapacity() const
                0x0000000000015fe8                CUSBBulkOnlyMassStorageDevice::TryRead(void*, unsigned int)
                0x00000000000160dc                CUSBBulkOnlyMassStorageDevice::TryWrite(void const*, unsigned int)
                0x00000000000161cc                CUSBBulkOnlyMassStorageDevice::Command(void*, unsigned int, void*, unsigned int, bool)
                0x0000000000016540                CUSBBulkOnlyMassStorageDevice::Reset()
 .text.startup  0x00000000000166dc        0x4 ../../lib/usb/libusb.a(usbmassdevice.o)
 .text          0x00000000000166e0      0x744 ../../lib/usb/libusb.a(usbmouse.o)
                0x00000000000166e0                CUSBMouseDevice::~CUSBMouseDevice()
                0x00000000000166e0                CUSBMouseDevice::~CUSBMouseDevice()
                0x000000000001673c                CUSBMouseDevice::~CUSBMouseDevice()
                0x000000000001675c                CUSBMouseDevice::CUSBMouseDevice(CUSBFunction*)
                0x000000000001675c                CUSBMouseDevice::CUSBMouseDevice(CUSBFunction*)
                0x000000000001678c                CUSBMouseDevice::ExtractUnsigned(void const*, unsigned int, unsigned int)
                0x0000000000016824                CUSBMouseDevice::ExtractSigned(void const*, unsigned int, unsigned int)
                0x0000000000016890                CUSBMouseDevice::ReportHandler(unsigned char const*, unsigned int)
                0x0000000000016984                CUSBMouseDevice::DecodeReport()
                0x0000000000016ccc                CUSBMouseDevice::Configure()
 .text          0x0000000000016e24      0x3ac ../../lib/usb/libusb.a(usbprinter.o)
                0x0000000000016e24                CUSBPrinterDevice::~CUSBPrinterDevice()
                0x0000000000016e24                CUSBPrinterDevice::~CUSBPrinterDevice()
                0x0000000000016ecc                CUSBPrinterDevice::~CUSBPrinterDevice()
                0x0000000000016eec                CUSBPrinterDevice::Write(void const*, unsigned int)
                0x0000000000016f84                CUSBPrinterDevice::CUSBPrinterDevice(CUSBFunction*)
                0x0000000000016f84                CUSBPrinterDevice::CUSBPrinterDevice(CUSBFunction*)
                0x0000000000016fb8                CUSBPrinterDevice::Configure()
 .text.startup  0x00000000000171d0       0x38 ../../lib/usb/libusb.a(usbprinter.o)
 .text          0x0000000000017208      0x598 ../../lib/usb/libusb.a(usbserialch341.o)
                0x0000000000017208                CUSBSerialCH341Device::~CUSBSerialCH341Device()
                0x0000000000017208                CUSBSerialCH341Device::~CUSBSerialCH341Device()
                0x0000000000017228                CUSBSerialCH341Device::~CUSBSerialCH341Device()
                0x0000000000017254                CUSBSerialCH341Device::SetBaudRate(unsigned int)
                0x0000000000017374                CUSBSerialCH341Device::CUSBSerialCH341Device(CUSBFunction*)
                0x0000000000017374                CUSBSerialCH341Device::CUSBSerialCH341Device(CUSBFunction*)
                0x0000000000017398                CUSBSerialCH341Device::GetDeviceIDTable()
                0x00000000000173a4                CUSBSerialCH341Device::Configure()
                0x0000000000017558                CUSBSerialCH341Device::SetLineProperties(TUSBSerialDataBits, TUSBSerialParity, TUSBSerialStopBits)
 .text          0x00000000000177a0      0x518 ../../lib/usb/libusb.a(usbserialcp2102.o)
                0x00000000000177a0                CUSBSerialCP2102Device::~CUSBSerialCP2102Device()
                0x00000000000177a0                CUSBSerialCP2102Device::~CUSBSerialCP2102Device()
                0x00000000000177c0                CUSBSerialCP2102Device::~CUSBSerialCP2102Device()
                0x00000000000177ec                CUSBSerialCP2102Device::SetBaudRate(unsigned int)
                0x00000000000178bc                CUSBSerialCP2102Device::CUSBSerialCP2102Device(CUSBFunction*)
                0x00000000000178bc                CUSBSerialCP2102Device::CUSBSerialCP2102Device(CUSBFunction*)
                0x00000000000178e0                CUSBSerialCP2102Device::GetDeviceIDTable()
                0x00000000000178ec                CUSBSerialCP2102Device::Configure()
                0x0000000000017ad4                CUSBSerialCP2102Device::SetLineProperties(TUSBSerialDataBits, TUSBSerialParity, TUSBSerialStopBits)
 .text          0x0000000000017cb8      0x9a0 ../../lib/usb/libusb.a(usbserialpl2303.o)
                0x0000000000017cb8                CUSBSerialPL2303Device::~CUSBSerialPL2303Device()
                0x0000000000017cb8                CUSBSerialPL2303Device::~CUSBSerialPL2303Device()
                0x0000000000017cd8                CUSBSerialPL2303Device::~CUSBSerialPL2303Device()
                0x0000000000017d04                CUSBSerialPL2303Device::SetBaudRate(unsigned int)
                0x0000000000017e3c                CUSBSerialPL2303Device::CUSBSerialPL2303Device(CUSBFunction*)
                0x0000000000017e3c                CUSBSerialPL2303Device::CUSBSerialPL2303Device(CUSBFunction*)
                0x0000000000017e60                CUSBSerialPL2303Device::GetDeviceIDTable()
                0x0000000000017e6c                CUSBSerialPL2303Device::Configure()
                0x000000000001839c                CUSBSerialPL2303Device::SetLineProperties(TUSBSerialDataBits, TUSBSerialParity, TUSBSerialStopBits)
 .text          0x0000000000018658      0x5e0 ../../lib/usb/libusb.a(usbserialft231x.o)
                0x0000000000018658                CUSBSerialFT231XDevice::~CUSBSerialFT231XDevice()
                0x0000000000018658                CUSBSerialFT231XDevice::~CUSBSerialFT231XDevice()
                0x0000000000018678                CUSBSerialFT231XDevice::~CUSBSerialFT231XDevice()
                0x00000000000186a4                CUSBSerialFT231XDevice::SetBaudRate(unsigned int)
                0x00000000000187dc                CUSBSerialFT231XDevice::CUSBSerialFT231XDevice(CUSBFunction*)
                0x00000000000187dc                CUSBSerialFT231XDevice::CUSBSerialFT231XDevice(CUSBFunction*)
                0x0000000000018800                CUSBSerialFT231XDevice::GetDeviceIDTable()
                0x000000000001880c                CUSBSerialFT231XDevice::Configure()
                0x0000000000018a20                CUSBSerialFT231XDevice::SetLineProperties(TUSBSerialDataBits, TUSBSerialParity, TUSBSerialStopBits)
 .text          0x0000000000018c38      0x200 ../../lib/usb/libusb.a(usbserialcdc.o)
                0x0000000000018c38                CUSBSerialCDCDevice::~CUSBSerialCDCDevice()
                0x0000000000018c38                CUSBSerialCDCDevice::~CUSBSerialCDCDevice()
                0x0000000000018c58                CUSBSerialCDCDevice::~CUSBSerialCDCDevice()
                0x0000000000018c84                CUSBSerialCDCDevice::CUSBSerialCDCDevice(CUSBFunction*)
                0x0000000000018c84                CUSBSerialCDCDevice::CUSBSerialCDCDevice(CUSBFunction*)
                0x0000000000018cc4                CUSBSerialCDCDevice::SetLineCoding()
                0x0000000000018dc0                CUSBSerialCDCDevice::SetBaudRate(unsigned int)
                0x0000000000018dc8                CUSBSerialCDCDevice::SetLineProperties(TUSBSerialDataBits, TUSBSerialParity, TUSBSerialStopBits)
                0x0000000000018dd8                CUSBSerialCDCDevice::Configure()
 .text          0x0000000000018e38      0xdec ../../lib/usb/libusb.a(lan7800.o)
                0x0000000000018e38                CLAN7800Device::GetMACAddress() const
                0x0000000000018e40                CLAN7800Device::~CLAN7800Device()
                0x0000000000018e40                CLAN7800Device::~CLAN7800Device()
                0x0000000000018ec4                non-virtual thunk to CLAN7800Device::~CLAN7800Device()
                0x0000000000018ecc                CLAN7800Device::~CLAN7800Device()
                0x0000000000018eec                non-virtual thunk to CLAN7800Device::~CLAN7800Device()
                0x0000000000018ef4                CLAN7800Device::ReceiveFrame(void*, unsigned int*)
                0x0000000000019064                non-virtual thunk to CLAN7800Device::ReceiveFrame(void*, unsigned int*)
                0x000000000001906c                CLAN7800Device::SendFrame(void const*, unsigned int)
                0x0000000000019124                non-virtual thunk to CLAN7800Device::SendFrame(void const*, unsigned int)
                0x000000000001912c                non-virtual thunk to CLAN7800Device::GetMACAddress() const
                0x0000000000019134                CLAN7800Device::CLAN7800Device(CUSBFunction*)
                0x0000000000019134                CLAN7800Device::CLAN7800Device(CUSBFunction*)
                0x0000000000019174                CLAN7800Device::WriteReg(unsigned int, unsigned int)
                0x000000000001920c                CLAN7800Device::ReadReg(unsigned int, unsigned int*)
                0x00000000000192a0                CLAN7800Device::WaitReg(unsigned int, unsigned int, unsigned int, unsigned int, unsigned int)
                0x0000000000019350                CLAN7800Device::PHYWrite(unsigned char, unsigned short)
                0x0000000000019410                CLAN7800Device::PHYRead(unsigned char, unsigned short*)
                0x0000000000019500                CLAN7800Device::IsLinkUp()
                0x000000000001952c                non-virtual thunk to CLAN7800Device::IsLinkUp()
                0x0000000000019534                CLAN7800Device::GetLinkSpeed()
                0x00000000000195cc                non-virtual thunk to CLAN7800Device::GetLinkSpeed()
                0x00000000000195d4                CLAN7800Device::InitPHY()
                0x0000000000019638                CLAN7800Device::ReadWriteReg(unsigned int, unsigned int, unsigned int)
                0x0000000000019684                CLAN7800Device::InitMACAddress()
                0x00000000000197ac                CLAN7800Device::Configure()
 .text._ZN10CNetDevice7GetTypeEv
                0x0000000000019c24        0x8 ../../lib/usb/libusb.a(lan7800.o)
                0x0000000000019c24                CNetDevice::GetType()
 .text._ZN10CNetDevice20IsSendFrameAdvisableEv
                0x0000000000019c2c        0x8 ../../lib/usb/libusb.a(lan7800.o)
                0x0000000000019c2c                CNetDevice::IsSendFrameAdvisable()
 .text._ZN10CNetDevice9UpdatePHYEv
                0x0000000000019c34        0x8 ../../lib/usb/libusb.a(lan7800.o)
                0x0000000000019c34                CNetDevice::UpdatePHY()
 .text          0x0000000000019c3c      0xb60 ../../lib/usb/libusb.a(smsc951x.o)
                0x0000000000019c3c                CSMSC951xDevice::GetMACAddress() const
                0x0000000000019c44                CSMSC951xDevice::~CSMSC951xDevice()
                0x0000000000019c44                CSMSC951xDevice::~CSMSC951xDevice()
                0x0000000000019cc8                non-virtual thunk to CSMSC951xDevice::~CSMSC951xDevice()
                0x0000000000019cd0                CSMSC951xDevice::~CSMSC951xDevice()
                0x0000000000019cf0                non-virtual thunk to CSMSC951xDevice::~CSMSC951xDevice()
                0x0000000000019cf8                CSMSC951xDevice::ReceiveFrame(void*, unsigned int*)
                0x0000000000019e78                non-virtual thunk to CSMSC951xDevice::ReceiveFrame(void*, unsigned int*)
                0x0000000000019e80                CSMSC951xDevice::SendFrame(void const*, unsigned int)
                0x0000000000019f30                non-virtual thunk to CSMSC951xDevice::SendFrame(void const*, unsigned int)
                0x0000000000019f38                non-virtual thunk to CSMSC951xDevice::GetMACAddress() const
                0x0000000000019f40                CSMSC951xDevice::CSMSC951xDevice(CUSBFunction*)
                0x0000000000019f40                CSMSC951xDevice::CSMSC951xDevice(CUSBFunction*)
                0x0000000000019f80                CSMSC951xDevice::WriteReg(unsigned int, unsigned int)
                0x0000000000019fe8                CSMSC951xDevice::ReadReg(unsigned int, unsigned int*)
                0x000000000001a04c                CSMSC951xDevice::PHYWaitNotBusy()
                0x000000000001a0d0                CSMSC951xDevice::PHYWrite(unsigned char, unsigned short)
                0x000000000001a15c                CSMSC951xDevice::PHYRead(unsigned char, unsigned short*)
                0x000000000001a224                CSMSC951xDevice::IsLinkUp()
                0x000000000001a250                non-virtual thunk to CSMSC951xDevice::IsLinkUp()
                0x000000000001a258                CSMSC951xDevice::GetLinkSpeed()
                0x000000000001a2b8                non-virtual thunk to CSMSC951xDevice::GetLinkSpeed()
                0x000000000001a2c0                CSMSC951xDevice::DumpReg(char const*, unsigned int)
                0x000000000001a334                CSMSC951xDevice::DumpRegs()
                0x000000000001a4cc                CSMSC951xDevice::Configure()
 .text          0x000000000001a79c      0x5f0 ../../lib/usb/libusb.a(usbbluetooth.o)
                0x000000000001a79c                CUSBBluetoothDevice::~CUSBBluetoothDevice()
                0x000000000001a79c                CUSBBluetoothDevice::~CUSBBluetoothDevice()
                0x000000000001a88c                CUSBBluetoothDevice::~CUSBBluetoothDevice()
                0x000000000001a8ac                CUSBBluetoothDevice::CUSBBluetoothDevice(CUSBFunction*)
                0x000000000001a8ac                CUSBBluetoothDevice::CUSBBluetoothDevice(CUSBFunction*)
                0x000000000001a8e8                CUSBBluetoothDevice::SendHCICommand(void const*, unsigned int)
                0x000000000001a944                CUSBBluetoothDevice::StartRequest()
                0x000000000001aa00                CUSBBluetoothDevice::RegisterHCIEventHandler(void (*)(void const*, unsigned int))
                0x000000000001aa2c                CUSBBluetoothDevice::CompletionRoutine(CUSBRequest*)
                0x000000000001ab2c                CUSBBluetoothDevice::CompletionStub(CUSBRequest*, void*, void*)
                0x000000000001ab5c                CUSBBluetoothDevice::Configure()
 .text.startup  0x000000000001ad8c       0x38 ../../lib/usb/libusb.a(usbbluetooth.o)
 .text          0x000000000001adc4      0x5c8 ../../lib/usb/libusb.a(usbcdcethernet.o)
                0x000000000001adc4                CUSBCDCEthernetDevice::GetMACAddress() const
                0x000000000001adcc                CUSBCDCEthernetDevice::~CUSBCDCEthernetDevice()
                0x000000000001adcc                CUSBCDCEthernetDevice::~CUSBCDCEthernetDevice()
                0x000000000001ae50                non-virtual thunk to CUSBCDCEthernetDevice::~CUSBCDCEthernetDevice()
                0x000000000001ae58                CUSBCDCEthernetDevice::~CUSBCDCEthernetDevice()
                0x000000000001ae78                non-virtual thunk to CUSBCDCEthernetDevice::~CUSBCDCEthernetDevice()
                0x000000000001ae80                CUSBCDCEthernetDevice::ReceiveFrame(void*, unsigned int*)
                0x000000000001af60                non-virtual thunk to CUSBCDCEthernetDevice::ReceiveFrame(void*, unsigned int*)
                0x000000000001af68                CUSBCDCEthernetDevice::SendFrame(void const*, unsigned int)
                0x000000000001b004                non-virtual thunk to CUSBCDCEthernetDevice::SendFrame(void const*, unsigned int)
                0x000000000001b00c                non-virtual thunk to CUSBCDCEthernetDevice::GetMACAddress() const
                0x000000000001b014                CUSBCDCEthernetDevice::CUSBCDCEthernetDevice(CUSBFunction*)
                0x000000000001b014                CUSBCDCEthernetDevice::CUSBCDCEthernetDevice(CUSBFunction*)
                0x000000000001b054                CUSBCDCEthernetDevice::InitMACAddress(unsigned char)
                0x000000000001b14c                CUSBCDCEthernetDevice::Configure()
 .text._ZN10CNetDevice8IsLinkUpEv
                0x000000000001b38c        0x8 ../../lib/usb/libusb.a(usbcdcethernet.o)
                0x000000000001b38c                CNetDevice::IsLinkUp()
 .text._ZN10CNetDevice12GetLinkSpeedEv
                0x000000000001b394        0x8 ../../lib/usb/libusb.a(usbcdcethernet.o)
                0x000000000001b394                CNetDevice::GetLinkSpeed()
 .text          0x000000000001b39c      0x31c ../../lib/usb/libusb.a(usbconfigparser.o)
                0x000000000001b39c                CUSBConfigurationParser::CUSBConfigurationParser(void const*, unsigned int)
                0x000000000001b39c                CUSBConfigurationParser::CUSBConfigurationParser(void const*, unsigned int)
                0x000000000001b4f8                CUSBConfigurationParser::CUSBConfigurationParser(CUSBConfigurationParser*)
                0x000000000001b4f8                CUSBConfigurationParser::CUSBConfigurationParser(CUSBConfigurationParser*)
                0x000000000001b558                CUSBConfigurationParser::~CUSBConfigurationParser()
                0x000000000001b558                CUSBConfigurationParser::~CUSBConfigurationParser()
                0x000000000001b55c                CUSBConfigurationParser::IsValid() const
                0x000000000001b564                CUSBConfigurationParser::GetDescriptor(unsigned char)
                0x000000000001b608                CUSBConfigurationParser::GetCurrentDescriptor()
                0x000000000001b650                CUSBConfigurationParser::Error(char const*) const
 .text          0x000000000001b6b8      0x230 ../../lib/usb/libusb.a(usbgamepad.o)
                0x000000000001b6b8                CUSBGamePadDevice::GetInitialState()
                0x000000000001b6c0                CUSBGamePadDevice::ReportHandler(unsigned char const*, unsigned int)
                0x000000000001b714                CUSBGamePadDevice::RegisterStatusHandler(void (*)(unsigned int, TGamePadState const*))
                0x000000000001b75c                CUSBGamePadDevice::Configure()
                0x000000000001b824                CUSBGamePadDevice::CUSBGamePadDevice(CUSBFunction*)
                0x000000000001b824                CUSBGamePadDevice::CUSBGamePadDevice(CUSBFunction*)
                0x000000000001b868                CUSBGamePadDevice::~CUSBGamePadDevice()
                0x000000000001b868                CUSBGamePadDevice::~CUSBGamePadDevice()
                0x000000000001b8c8                CUSBGamePadDevice::~CUSBGamePadDevice()
 .text.startup  0x000000000001b8e8       0x38 ../../lib/usb/libusb.a(usbgamepad.o)
 .text          0x000000000001b920      0x548 ../../lib/usb/libusb.a(usbstring.o)
                0x000000000001b920                CUSBString::CUSBString(CUSBDevice*)
                0x000000000001b920                CUSBString::CUSBString(CUSBDevice*)
                0x000000000001b970                CUSBString::CUSBString(CUSBString*)
                0x000000000001b970                CUSBString::CUSBString(CUSBString*)
                0x000000000001ba2c                CUSBString::~CUSBString()
                0x000000000001ba2c                CUSBString::~CUSBString()
                0x000000000001ba6c                CUSBString::GetFromDescriptor(unsigned char, unsigned short)
                0x000000000001bcb4                CUSBString::Get() const
                0x000000000001bcbc                CUSBString::GetLanguageID()
 .text          0x000000000001be68      0x740 ../../lib/usb/libusb.a(usbserial.o)
                0x000000000001be68                CUSBSerialDevice::SetBaudRate(unsigned int)
                0x000000000001be70                CUSBSerialDevice::SetLineProperties(TUSBSerialDataBits, TUSBSerialParity, TUSBSerialStopBits)
                0x000000000001be78                CUSBSerialDevice::~CUSBSerialDevice()
                0x000000000001be78                CUSBSerialDevice::~CUSBSerialDevice()
                0x000000000001bf3c                CUSBSerialDevice::~CUSBSerialDevice()
                0x000000000001bf5c                CUSBSerialDevice::Write(void const*, unsigned int)
                0x000000000001c06c                CUSBSerialDevice::Read(void*, unsigned int)
                0x000000000001c274                CUSBSerialDevice::CUSBSerialDevice(CUSBFunction*, unsigned int)
                0x000000000001c274                CUSBSerialDevice::CUSBSerialDevice(CUSBFunction*, unsigned int)
                0x000000000001c2d8                CUSBSerialDevice::CompletionRoutine(CUSBRequest*)
                0x000000000001c3d8                CUSBSerialDevice::CompletionStub(CUSBRequest*, void*, void*)
                0x000000000001c40c                CUSBSerialDevice::Configure()
 .text.startup  0x000000000001c5a8       0x38 ../../lib/usb/libusb.a(usbserial.o)
 .text          0x000000000001c5e0      0x30c ../../lib/input/libinput.a(keyboardbehaviour.o)
                0x000000000001c5e0                CKeyboardBehaviour::CKeyboardBehaviour()
                0x000000000001c5e0                CKeyboardBehaviour::CKeyboardBehaviour()
                0x000000000001c610                CKeyboardBehaviour::~CKeyboardBehaviour()
                0x000000000001c610                CKeyboardBehaviour::~CKeyboardBehaviour()
                0x000000000001c638                CKeyboardBehaviour::RegisterKeyPressedHandler(void (*)(char const*))
                0x000000000001c664                CKeyboardBehaviour::RegisterSelectConsoleHandler(void (*)(unsigned int))
                0x000000000001c690                CKeyboardBehaviour::RegisterShutdownHandler(void (*)())
                0x000000000001c6bc                CKeyboardBehaviour::GetLEDStatus() const
                0x000000000001c6c4                CKeyboardBehaviour::GenerateKeyEvent(unsigned char)
                0x000000000001c798                CKeyboardBehaviour::KeyPressed(unsigned char)
                0x000000000001c7d0                CKeyboardBehaviour::KeyReleased(unsigned char)
                0x000000000001c838                CKeyboardBehaviour::TimerHandler(unsigned int)
                0x000000000001c8bc                CKeyboardBehaviour::TimerStub(unsigned int, void*, void*)
 .text          0x000000000001c8ec      0x3a0 ../../lib/input/libinput.a(keymap.o)
                0x000000000001c8ec                CKeyMap::~CKeyMap()
                0x000000000001c8ec                CKeyMap::~CKeyMap()
                0x000000000001c8f0                CKeyMap::ClearTable(unsigned char)
                0x000000000001c924                CKeyMap::SetEntry(unsigned char, unsigned char, unsigned short)
                0x000000000001c978                CKeyMap::Translate(unsigned char, unsigned char)
                0x000000000001ca88                CKeyMap::GetString(unsigned short, unsigned char, char*) const
                0x000000000001cb4c                CKeyMap::GetLEDStatus() const
                0x000000000001cb7c                CKeyMap::LookupDefaultMap(char const*)
                0x000000000001cc00                CKeyMap::CKeyMap()
                0x000000000001cc00                CKeyMap::CKeyMap()
 .text          0x000000000001cc8c      0x1e0 ../../lib/input/libinput.a(mouse.o)
                0x000000000001cc8c                CMouseDevice::~CMouseDevice()
                0x000000000001cc8c                CMouseDevice::~CMouseDevice()
                0x000000000001cce8                CMouseDevice::~CMouseDevice()
                0x000000000001cd08                CMouseDevice::CMouseDevice(unsigned int, bool)
                0x000000000001cd08                CMouseDevice::CMouseDevice(unsigned int, bool)
                0x000000000001cd84                CMouseDevice::Setup(unsigned int, unsigned int)
                0x000000000001cd8c                CMouseDevice::RegisterEventHandler(void (*)(TMouseEvent, unsigned int, unsigned int, unsigned int, int))
                0x000000000001cd94                CMouseDevice::SetCursor(unsigned int, unsigned int)
                0x000000000001cd9c                CMouseDevice::ShowCursor(bool)
                0x000000000001cda4                CMouseDevice::UpdateCursor()
                0x000000000001cdb8                CMouseDevice::RegisterStatusHandler(void (*)(unsigned int, int, int, int))
                0x000000000001ce00                CMouseDevice::ReportHandler(unsigned int, int, int, int)
                0x000000000001ce5c                CMouseDevice::GetButtonCount() const
                0x000000000001ce64                CMouseDevice::HasWheel() const
 .text.startup  0x000000000001ce6c       0x38 ../../lib/input/libinput.a(mouse.o)
 .text          0x000000000001cea4      0x508 ../../lib/input/libinput.a(mousebehaviour.o)
                0x000000000001cea4                CMouseBehaviour::CMouseBehaviour()
                0x000000000001cea4                CMouseBehaviour::CMouseBehaviour()
                0x000000000001cec8                CMouseBehaviour::Setup(unsigned int, unsigned int)
                0x000000000001cfe8                CMouseBehaviour::RegisterEventHandler(void (*)(TMouseEvent, unsigned int, unsigned int, unsigned int, int))
                0x000000000001d030                CMouseBehaviour::MouseStatusChanged(unsigned int, int, int, int)
                0x000000000001d1d4                CMouseBehaviour::SetCursorState(unsigned int, unsigned int, bool)
                0x000000000001d24c                CMouseBehaviour::~CMouseBehaviour()
                0x000000000001d24c                CMouseBehaviour::~CMouseBehaviour()
                0x000000000001d284                CMouseBehaviour::SetCursor(unsigned int, unsigned int)
                0x000000000001d314                CMouseBehaviour::ShowCursor(bool)
                0x000000000001d380                CMouseBehaviour::UpdateCursor()
 .text          0x000000000001d3ac      0x318 ../../lib/fs/libfs.a(partitionmanager.o)
                0x000000000001d3ac                CPartitionManager::CPartitionManager(CDevice*, char const*)
                0x000000000001d3ac                CPartitionManager::CPartitionManager(CDevice*, char const*)
                0x000000000001d3dc                CPartitionManager::~CPartitionManager()
                0x000000000001d3dc                CPartitionManager::~CPartitionManager()
                0x000000000001d4a0                CPartitionManager::Initialize()
 .text          0x000000000001d6c4      0x2c4 ../../lib/fs/libfs.a(partition.o)
                0x000000000001d6c4                CPartition::~CPartition()
                0x000000000001d6c4                CPartition::~CPartition()
                0x000000000001d6ec                CPartition::~CPartition()
                0x000000000001d720                CPartition::Read(void*, unsigned int)
                0x000000000001d7b8                CPartition::Write(void const*, unsigned int)
                0x000000000001d850                CPartition::Seek(unsigned long long)
                0x000000000001d91c                CPartition::CPartition(CDevice*, unsigned int, unsigned int)
                0x000000000001d91c                CPartition::CPartition(CDevice*, unsigned int, unsigned int)
 .text          0x000000000001d988      0x170 ../../lib/libcircle.a(actled.o)
                0x000000000001d988                CActLED::CActLED(bool)
                0x000000000001d988                CActLED::CActLED(bool)
                0x000000000001da20                CActLED::~CActLED()
                0x000000000001da20                CActLED::~CActLED()
                0x000000000001da34                CActLED::On()
                0x000000000001da64                CActLED::Off()
                0x000000000001da9c                CActLED::Blink(unsigned int, unsigned int, unsigned int)
                0x000000000001dae8                CActLED::Get()
 .text          0x000000000001daf8       0x84 ../../lib/libcircle.a(assert.o)
                0x000000000001daf8                assertion_failed
 .text          0x000000000001db7c      0x238 ../../lib/libcircle.a(bcmpropertytags.o)
                0x000000000001db7c                CBcmPropertyTags::CBcmPropertyTags(bool)
                0x000000000001db7c                CBcmPropertyTags::CBcmPropertyTags(bool)
                0x000000000001db98                CBcmPropertyTags::~CBcmPropertyTags()
                0x000000000001db98                CBcmPropertyTags::~CBcmPropertyTags()
                0x000000000001dbac                CBcmPropertyTags::GetTag(unsigned int, void*, unsigned int, unsigned int)
                0x000000000001dca0                CBcmPropertyTags::GetTags(void*, unsigned int)
 .text          0x000000000001ddb4      0x304 ../../lib/libcircle.a(classallocator.o)
                0x000000000001ddb4                CClassAllocator::~CClassAllocator()
                0x000000000001ddb4                CClassAllocator::~CClassAllocator()
                0x000000000001dddc                CClassAllocator::Init(unsigned int, unsigned int)
                0x000000000001de9c                CClassAllocator::CClassAllocator(unsigned int, unsigned int, char const*)
                0x000000000001de9c                CClassAllocator::CClassAllocator(unsigned int, unsigned int, char const*)
                0x000000000001decc                CClassAllocator::CClassAllocator(unsigned int, unsigned int, unsigned int, char const*)
                0x000000000001decc                CClassAllocator::CClassAllocator(unsigned int, unsigned int, unsigned int, char const*)
                0x000000000001df00                CClassAllocator::Allocate()
                0x000000000001dfec                CClassAllocator::Free(void*)
 .text          0x000000000001e0b8      0x1a4 ../../lib/libcircle.a(debug.o)
                0x000000000001e0b8                debug_hexdump(void const*, unsigned int, char const*)
                0x000000000001e1cc                debug_stacktrace(unsigned int const*, char const*)
 .text          0x000000000001e25c       0xa8 ../../lib/libcircle.a(device.o)
                0x000000000001e25c                CDevice::~CDevice()
                0x000000000001e25c                CDevice::~CDevice()
                0x000000000001e28c                CDevice::Read(void*, unsigned int)
                0x000000000001e28c                CDevice::Write(void const*, unsigned int)
                0x000000000001e294                CDevice::Seek(unsigned long long)
                0x000000000001e2a0                CDevice::RemoveDevice()
                0x000000000001e2a8                CDevice::~CDevice()
                0x000000000001e2e4                CDevice::CDevice()
                0x000000000001e2e4                CDevice::CDevice()
                0x000000000001e2fc                CDevice::RegisterRemovedHandler(void (*)(CDevice*, void*), void*)
 .text          0x000000000001e304      0x5c8 ../../lib/libcircle.a(devicenameservice.o)
                0x000000000001e304                CDeviceNameService::CDeviceNameService()
                0x000000000001e304                CDeviceNameService::CDeviceNameService()
                0x000000000001e348                CDeviceNameService::~CDeviceNameService()
                0x000000000001e348                CDeviceNameService::~CDeviceNameService()
                0x000000000001e3a0                CDeviceNameService::AddDevice(char const*, CDevice*, bool)
                0x000000000001e454                CDeviceNameService::RemoveDevice(char const*, bool)
                0x000000000001e564                CDeviceNameService::GetDevice(char const*, bool)
                0x000000000001e660                CDeviceNameService::Get()
                0x000000000001e690                CDeviceNameService::AddDevice(char const*, unsigned int, CDevice*, bool)
                0x000000000001e6f8                CDeviceNameService::RemoveDevice(char const*, unsigned int, bool)
                0x000000000001e758                CDeviceNameService::GetDevice(char const*, unsigned int, bool)
                0x000000000001e7c0                CDeviceNameService::ListDevices(CDevice*)
 .text          0x000000000001e8cc      0xc48 ../../lib/libcircle.a(gpiopin.o)
                0x000000000001e8cc                CGPIOPin::CGPIOPin()
                0x000000000001e8cc                CGPIOPin::CGPIOPin()
                0x000000000001e908                CGPIOPin::CGPIOPin(unsigned int, TGPIOMode, CGPIOManager*)
                0x000000000001e908                CGPIOPin::CGPIOPin(unsigned int, TGPIOMode, CGPIOManager*)
                0x000000000001e960                CGPIOPin::~CGPIOPin()
                0x000000000001e960                CGPIOPin::~CGPIOPin()
                0x000000000001e964                CGPIOPin::~CGPIOPin()
                0x000000000001e97c                CGPIOPin::AssignPin(unsigned int)
                0x000000000001ea00                CGPIOPin::SetMode(TGPIOMode, bool)
                0x000000000001eba8                CGPIOPin::Write(unsigned int)
                0x000000000001ec3c                CGPIOPin::Read() const
                0x000000000001ecb4                CGPIOPin::Invert()
                0x000000000001ece4                CGPIOPin::ConnectInterrupt(void (*)(void*), void*, bool)
                0x000000000001edb4                CGPIOPin::DisconnectInterrupt()
                0x000000000001ee64                CGPIOPin::EnableInterrupt(TGPIOInterrupt)
                0x000000000001ef5c                CGPIOPin::DisableInterrupt()
                0x000000000001f00c                CGPIOPin::EnableInterrupt2(TGPIOInterrupt)
                0x000000000001f114                CGPIOPin::DisableInterrupt2()
                0x000000000001f1c4                CGPIOPin::AcknowledgeInterrupt()
                0x000000000001f228                CGPIOPin::WriteAll(unsigned int, unsigned int)
                0x000000000001f258                CGPIOPin::ReadAll()
                0x000000000001f274                CGPIOPin::SetPullMode(TGPIOPullMode)
                0x000000000001f314                CGPIOPin::SetAlternateFunction(unsigned int)
                0x000000000001f3d8                CGPIOPin::InterruptHandler()
                0x000000000001f45c                CGPIOPin::DisableAllInterrupts(unsigned int)
 .text.startup  0x000000000001f514       0x14 ../../lib/libcircle.a(gpiopin.o)
 .text          0x000000000001f528      0x5b8 ../../lib/libcircle.a(koptions.o)
                0x000000000001f58c                CKernelOptions::~CKernelOptions()
                0x000000000001f58c                CKernelOptions::~CKernelOptions()
                0x000000000001f5a0                CKernelOptions::GetWidth() const
                0x000000000001f5a8                CKernelOptions::GetHeight() const
                0x000000000001f5b0                CKernelOptions::GetLogDevice() const
                0x000000000001f5bc                CKernelOptions::GetLogLevel() const
                0x000000000001f5c4                CKernelOptions::GetKeyMap() const
                0x000000000001f5cc                CKernelOptions::GetUSBPowerDelay() const
                0x000000000001f5d4                CKernelOptions::GetUSBFullSpeed() const
                0x000000000001f5dc                CKernelOptions::GetSoundDevice() const
                0x000000000001f5e8                CKernelOptions::GetSoundOption() const
                0x000000000001f5f0                CKernelOptions::GetCPUSpeed() const
                0x000000000001f5f8                CKernelOptions::GetSoCMaxTemp() const
                0x000000000001f600                CKernelOptions::Get()
                0x000000000001f610                CKernelOptions::GetToken()
                0x000000000001f690                CKernelOptions::CKernelOptions()
                0x000000000001f690                CKernelOptions::CKernelOptions()
                0x000000000001fa88                CKernelOptions::GetOptionValue(char*)
                0x000000000001fac0                CKernelOptions::GetDecimal(char*)
 .text          0x000000000001fae0      0x838 ../../lib/libcircle.a(logger.o)
                0x000000000001fae0                CLogger::CLogger(unsigned int, CTimer*)
                0x000000000001fae0                CLogger::CLogger(unsigned int, CTimer*)
                0x000000000001fb38                CLogger::~CLogger()
                0x000000000001fb38                CLogger::~CLogger()
                0x000000000001fbb4                CLogger::Initialize(CDevice*)
                0x000000000001fbf8                CLogger::SetNewTarget(CDevice*)
                0x000000000001fc00                CLogger::Write(char const*, TLogSeverity, char const*, ...)
                0x000000000001fc30                CLogger::WriteV(char const*, TLogSeverity, char const*, std::__va_list)
                0x000000000001fe18                CLogger::WriteNoAlloc(char const*, TLogSeverity, char const*)
                0x000000000001fef8                CLogger::Get()
                0x000000000001ff08                CLogger::Write(char const*)
                0x000000000001ffd8                CLogger::Read(void*, unsigned int)
                0x00000000000200a0                CLogger::WriteEvent(char const*, TLogSeverity, char const*)
                0x0000000000020224                CLogger::ReadEvent(TLogSeverity*, char*, char*, long*, unsigned int*, int*)
                0x0000000000020308                CLogger::RegisterEventNotificationHandler(void (*)())
                0x0000000000020310                CLogger::RegisterPanicHandler(void (*)())
 .text          0x0000000000020318      0x814 ../../lib/libcircle.a(machineinfo.o)
                0x0000000000020318                CMachineInfo::CMachineInfo()
                0x0000000000020318                CMachineInfo::CMachineInfo()
                0x0000000000020748                CMachineInfo::~CMachineInfo()
                0x0000000000020748                CMachineInfo::~CMachineInfo()
                0x0000000000020764                CMachineInfo::GetMachineModel() const
                0x000000000002076c                CMachineInfo::GetMachineName() const
                0x0000000000020784                CMachineInfo::GetModelMajor() const
                0x000000000002078c                CMachineInfo::GetModelRevision() const
                0x0000000000020794                CMachineInfo::GetSoCType() const
                0x000000000002079c                CMachineInfo::GetRAMSize() const
                0x00000000000207a4                CMachineInfo::GetSoCName() const
                0x00000000000207bc                CMachineInfo::GetRevisionRaw() const
                0x00000000000207c4                CMachineInfo::GetActLEDInfo() const
                0x00000000000207dc                CMachineInfo::GetClockRate(unsigned int) const
                0x00000000000208a0                CMachineInfo::GetGPIOPin(TGPIOVirtualPin) const
                0x0000000000020904                CMachineInfo::GetGPIOClockSourceRate(unsigned int)
                0x0000000000020960                CMachineInfo::GetDevice(TDeviceId) const
                0x0000000000020994                CMachineInfo::ArePWMChannelsSwapped() const
                0x00000000000209b0                CMachineInfo::AllocateDMAChannel(unsigned int)
                0x0000000000020a74                CMachineInfo::FreeDMAChannel(unsigned int)
                0x0000000000020afc                CMachineInfo::Get()
 .text          0x0000000000020b2c      0x418 ../../lib/libcircle.a(ptrlist.o)
                0x0000000000020b2c                CPtrList::CPtrList()
                0x0000000000020b2c                CPtrList::CPtrList()
                0x0000000000020b38                CPtrList::~CPtrList()
                0x0000000000020b38                CPtrList::~CPtrList()
                0x0000000000020b60                CPtrList::GetFirst()
                0x0000000000020b68                CPtrList::GetNext(TPtrListElement*)
                0x0000000000020bbc                CPtrList::GetPtr(TPtrListElement*)
                0x0000000000020c10                CPtrList::InsertBefore(TPtrListElement*, void*)
                0x0000000000020cf8                CPtrList::InsertAfter(TPtrListElement*, void*)
                0x0000000000020ddc                CPtrList::Remove(TPtrListElement*)
                0x0000000000020eec                CPtrList::Find(void*)
 .text          0x0000000000020f44      0xa60 ../../lib/libcircle.a(pwmsoundbasedevice.o)
                0x0000000000020f44                CPWMSoundBaseDevice::CPWMSoundBaseDevice(CInterruptSystem*, unsigned int, unsigned int)
                0x0000000000020f44                CPWMSoundBaseDevice::CPWMSoundBaseDevice(CInterruptSystem*, unsigned int, unsigned int)
                0x0000000000021164                CPWMSoundBaseDevice::~CPWMSoundBaseDevice()
                0x0000000000021164                CPWMSoundBaseDevice::~CPWMSoundBaseDevice()
                0x00000000000212fc                CPWMSoundBaseDevice::~CPWMSoundBaseDevice()
                0x000000000002131c                CPWMSoundBaseDevice::GetRangeMin() const
                0x0000000000021324                CPWMSoundBaseDevice::GetRangeMax() const
                0x0000000000021330                CPWMSoundBaseDevice::Start()
                0x0000000000021524                CPWMSoundBaseDevice::Cancel()
                0x0000000000021578                CPWMSoundBaseDevice::IsActive() const
                0x0000000000021588                CPWMSoundBaseDevice::GetNextChunk()
                0x000000000002166c                CPWMSoundBaseDevice::RunPWM()
                0x0000000000021704                CPWMSoundBaseDevice::StopPWM()
                0x0000000000021744                CPWMSoundBaseDevice::InterruptHandler()
                0x00000000000218d8                CPWMSoundBaseDevice::InterruptStub(void*)
                0x0000000000021900                CPWMSoundBaseDevice::SetupDMAControlBlock(unsigned int)
 .text          0x00000000000219a4     0x1260 ../../lib/libcircle.a(screen.o)
                0x00000000000219a4                CScreenDevice::CScreenDevice(unsigned int, unsigned int, bool, unsigned int)
                0x00000000000219a4                CScreenDevice::CScreenDevice(unsigned int, unsigned int, bool, unsigned int)
                0x0000000000021a34                CScreenDevice::~CScreenDevice()
                0x0000000000021a34                CScreenDevice::~CScreenDevice()
                0x0000000000021ab4                CScreenDevice::~CScreenDevice()
                0x0000000000021ad4                CScreenDevice::Initialize()
                0x0000000000021c68                CScreenDevice::GetWidth() const
                0x0000000000021c70                CScreenDevice::GetHeight() const
                0x0000000000021c78                CScreenDevice::GetColumns() const
                0x0000000000021c98                CScreenDevice::GetRows() const
                0x0000000000021cb8                CScreenDevice::GetFrameBuffer()
                0x0000000000021cc0                CScreenDevice::GetStatus()
                0x0000000000021d30                CScreenDevice::SetStatus(TScreenStatus const&)
                0x0000000000021e38                CScreenDevice::Write(void const*, unsigned int)
                0x0000000000021ef0                CScreenDevice::Write(char)
                0x00000000000223e4                CScreenDevice::CarriageReturn()
                0x00000000000223f0                CScreenDevice::ClearDisplayEnd()
                0x0000000000022470                CScreenDevice::ClearLineEnd()
                0x00000000000224b8                CScreenDevice::CursorDown()
                0x0000000000022504                CScreenDevice::CursorHome()
                0x0000000000022514                CScreenDevice::CursorLeft()
                0x0000000000022580                CScreenDevice::CursorMove(unsigned int, unsigned int)
                0x00000000000225e4                CScreenDevice::CursorRight()
                0x0000000000022620                CScreenDevice::CursorUp()
                0x0000000000022650                CScreenDevice::DeleteChars(unsigned int)
                0x0000000000022654                CScreenDevice::DeleteLines(unsigned int)
                0x0000000000022658                CScreenDevice::DisplayChar(char)
                0x0000000000022694                CScreenDevice::EraseChars(unsigned int)
                0x00000000000226a0                CScreenDevice::InsertLines(unsigned int)
                0x00000000000226a4                CScreenDevice::InsertMode(bool)
                0x00000000000226ac                CScreenDevice::NewLine()
                0x00000000000226b8                CScreenDevice::ReverseScroll()
                0x00000000000226bc                CScreenDevice::SetCursorMode(bool)
                0x00000000000226c4                CScreenDevice::SetScrollRegion(unsigned int, unsigned int)
                0x0000000000022748                CScreenDevice::SetStandoutMode(unsigned int)
                0x00000000000227e8                CScreenDevice::Tabulator()
                0x0000000000022834                CScreenDevice::Scroll()
                0x0000000000022900                CScreenDevice::DisplayChar(char, unsigned int, unsigned int, unsigned short)
                0x00000000000229a4                CScreenDevice::EraseChar(unsigned int, unsigned int)
                0x0000000000022a28                CScreenDevice::InvertCursor()
                0x0000000000022a38                CScreenDevice::SetPixel(unsigned int, unsigned int, unsigned short)
                0x0000000000022a64                CScreenDevice::GetPixel(unsigned int, unsigned int)
                0x0000000000022a9c                CScreenDevice::Rotor(unsigned int, unsigned int)
 .text          0x0000000000022c04      0xf28 ../../lib/libcircle.a(serial.o)
                0x0000000000022c04                CSerialDevice::CSerialDevice(CInterruptSystem*, bool, unsigned int)
                0x0000000000022c04                CSerialDevice::CSerialDevice(CInterruptSystem*, bool, unsigned int)
                0x0000000000022ddc                CSerialDevice::~CSerialDevice()
                0x0000000000022ddc                CSerialDevice::~CSerialDevice()